<Level>
    <EditorSession>
        <Performance CamClipPlanes="0.05 1000" LightsActive="true" PSActive="true" ShowFog="true" ShowSkybox="true" WorldReflection="true" />
        <ViewportConfig BGColor="0.2 0.2 0.2 1" GAmbientLight="true" GPointLight="true" GridSnap="false" GridSnapSeparation="0.25" SelectedViewport="3" UsingEnlargedViewport="true">
            <Viewport CameraPosition="0 0 180" CameraTarget="0 0 0" CameraZoom="0" GridHeight="1.5" GridPlane="2" Preset="0" RenderMode="1" ShowAxes="true" ShowGrid="true" UsingLTCam="true" />
            <Viewport CameraPosition="180 0 0" CameraTarget="0 0 0" CameraZoom="0" GridHeight="2" GridPlane="0" Preset="1" RenderMode="1" ShowAxes="true" ShowGrid="true" UsingLTCam="true" />
            <Viewport CameraPosition="0 180 0" CameraTarget="0 0 0" CameraZoom="0" GridHeight="0" GridPlane="1" Preset="2" RenderMode="1" ShowAxes="true" ShowGrid="true" UsingLTCam="true" />
            <Viewport CameraPosition="-8.90048 1.93949 2.71627" CameraTarget="0 0 0" CameraZoom="1.66013" GridHeight="2.38419e-007" GridPlane="1" Preset="3" RenderMode="0" ShowAxes="true" ShowGrid="true" UsingLTCam="false" />
        </ViewportConfig>
        <Groups>
            <Group ID="0" Name="None" Visible="true" />
        </Groups>
    </EditorSession>
    <MapData FogActive="false" FogColor="1 1 1 1" FogCulling="true" FogEnd="20" FogFalloffExp="1" FogStart="0" GlobalDecalMaxTris="300" Name="" SkyBoxActive="false" SkyBoxColor="1 1 1 1" SkyBoxTexture="../../../../../../">
        <MapContents>
            <FileIndex_StaticObjects NumOfFiles="5">
                <File Id="0" Path="static_objects/castlebase/wall/door_way.dae" />
                <File Id="1" Path="static_objects/castlebase/wall/door_frame.dae" />
                <File Id="2" Path="static_objects/castlebase/wall/default_short.dae" />
                <File Id="3" Path="static_objects/castlebase/wall/default.dae" />
                <File Id="4" Path="static_objects/castlebase/wall/default_extension.dae" />
            </FileIndex_StaticObjects>
            <FileIndex_Entities NumOfFiles="5">
                <File Id="0" Path="entities/door/level_cellar/level_celler.ent" />
                <File Id="1" Path="entities/custom/grabcastle.ent" />
                <File Id="2" Path="entities/container/barrel01/barrel01.ent" />
                <File Id="3" Path="entities/item/potion_oil/potion_oil.ent" />
                <File Id="4" Path="entities/lamp/candlestick_floor/candlestick_floor_red.ent" />
            </FileIndex_Entities>
            <FileIndex_Decals NumOfFiles="0" />
            <StaticObjects>
                <StaticObject CastShadows="true" Collides="true" FileIndex="0" Group="0" ID="1" Name="wall_door_way_1" Rotation="3.14159 -8.74228e-008 3.14159" Scale="1 1 1" Tag="" WorldPos="-1.5 0 6.5" />
                <StaticObject CastShadows="true" Collides="true" FileIndex="0" Group="0" ID="2" Name="wall_door_way_2" Rotation="0 -0 0" Scale="1 1 1" Tag="" WorldPos="-1.5 0 6.5" />
                <StaticObject CastShadows="true" Collides="true" FileIndex="1" Group="0" ID="3" Name="wall_door_frame_1" Rotation="0 -0 0" Scale="1 1 1" Tag="" WorldPos="-1.75 0 6.25" />
                <StaticObject CastShadows="true" Collides="true" FileIndex="2" Group="0" ID="4" Name="wall_default_short_1" Rotation="3.14159 8.74228e-008 3.14159" Scale="1 1 1" Tag="" WorldPos="-4.5 0 6.5" />
                <StaticObject CastShadows="true" Collides="true" FileIndex="2" Group="0" ID="5" Name="wall_default_short_2" Rotation="3.14159 8.74228e-008 3.14159" Scale="1 1 1" Tag="" WorldPos="1.5 0 6.5" />
                <StaticObject CastShadows="true" Collides="true" FileIndex="2" Group="0" ID="6" Name="wall_default_short_3" Rotation="0 -1.74846e-007 0" Scale="1 1 1" Tag="" WorldPos="1.5 0 6.5" />
                <StaticObject CastShadows="true" Collides="true" FileIndex="2" Group="0" ID="7" Name="wall_default_short_4" Rotation="0 -1.74846e-007 0" Scale="1 1 1" Tag="" WorldPos="-4.5 0 6.5" />
                <StaticObject CastShadows="true" Collides="true" FileIndex="3" Group="0" ID="9" Name="wall_default_2" Rotation="3.14159 -1.5708 3.14159" Scale="1 1 1" Tag="" WorldPos="2.5 0 4.5" />
                <StaticObject CastShadows="true" Collides="true" FileIndex="2" Group="0" ID="10" Name="wall_default_short_5" Rotation="3.14159 -1.5708 3.14159" Scale="1 1 1" Tag="" WorldPos="2.5 0 1.5" />
                <StaticObject CastShadows="true" Collides="true" FileIndex="2" Group="0" ID="12" Name="wall_default_short_7" Rotation="3.14159 -1.5708 3.14159" Scale="1 1 1" Tag="" WorldPos="2.5 0 -0.5" />
                <StaticObject CastShadows="true" Collides="true" FileIndex="2" Group="0" ID="13" Name="wall_default_short_8" Rotation="0 1.5708 0" Scale="1 1 1" Tag="" WorldPos="-5.5 0 -0.5" />
                <StaticObject CastShadows="true" Collides="true" FileIndex="3" Group="0" ID="18" Name="wall_default_3" Rotation="0 -4.76995e-008 0" Scale="1 1 1" Tag="" WorldPos="0.5 0 -1.5" />
                <StaticObject CastShadows="true" Collides="true" FileIndex="3" Group="0" ID="19" Name="wall_default_4" Rotation="0 -4.76995e-008 0" Scale="1 1 1" Tag="" WorldPos="-3.5 0 -1.5" />
                <StaticObject CastShadows="true" Collides="true" FileIndex="0" Group="0" ID="20" Name="wall_door_way_3" Rotation="0 1.5708 0" Scale="1 1 1" Tag="" WorldPos="-5.5 0 2.5" />
                <StaticObject CastShadows="true" Collides="true" FileIndex="3" Group="0" ID="21" Name="wall_default_1" Rotation="0 1.5708 0" Scale="1 1 1" Tag="" WorldPos="-5.5 0 6.5" />
                <StaticObject CastShadows="true" Collides="true" FileIndex="0" Group="0" ID="22" Name="wall_door_way_4" Rotation="3.14159 -1.5708 3.14159" Scale="1 1 1" Tag="" WorldPos="-5.5 0 2.5" />
                <StaticObject CastShadows="true" Collides="true" FileIndex="1" Group="0" ID="23" Name="wall_door_frame_2" Rotation="3.14159 -1.5708 3.14159" Scale="1 1 1" Tag="" WorldPos="-5.5 0 2.5" />
                <StaticObject CastShadows="true" Collides="true" FileIndex="3" Group="0" ID="24" Name="wall_default_5" Rotation="3.14159 -1.5708 3.14159" Scale="1 1 1" Tag="" WorldPos="-5.5 0 6.5" />
                <StaticObject CastShadows="true" Collides="true" FileIndex="3" Group="0" ID="25" Name="wall_default_6" Rotation="3.14159 1.32722e-006 3.14159" Scale="1 1 1" Tag="" WorldPos="-7.5 0 6.5" />
                <StaticObject CastShadows="true" Collides="true" FileIndex="2" Group="0" ID="26" Name="wall_default_short_6" Rotation="3.14159 -1.5708 3.14159" Scale="1 1 1" Tag="" WorldPos="-5.5 0 -0.5" />
                <StaticObject CastShadows="true" Collides="true" FileIndex="3" Group="0" ID="27" Name="wall_default_7" Rotation="0 -4.76995e-008 0" Scale="1 1 1" Tag="" WorldPos="-7.5 0 -1.5" />
                <StaticObject CastShadows="true" Collides="true" FileIndex="3" Group="0" ID="28" Name="wall_default_8" Rotation="0 -4.76995e-008 0" Scale="1 1 1" Tag="" WorldPos="-11.5 0 -1.5" />
                <StaticObject CastShadows="true" Collides="true" FileIndex="3" Group="0" ID="29" Name="wall_default_9" Rotation="3.14159 1.32722e-006 3.14159" Scale="1 1 1" Tag="" WorldPos="-11.5 0 6.5" />
                <StaticObject CastShadows="true" Collides="true" FileIndex="4" Group="0" ID="30" Name="wall_default_extension_1" Rotation="3.14159 1.32722e-006 3.14159" Scale="1 1 1" Tag="" WorldPos="-7.75 3.75 6.5" />
                <StaticObject CastShadows="true" Collides="true" FileIndex="4" Group="0" ID="31" Name="wall_default_extension_2" Rotation="3.14159 1.32722e-006 3.14159" Scale="1 1 1" Tag="" WorldPos="-11.75 3.75 6.5" />
                <StaticObject CastShadows="true" Collides="true" FileIndex="4" Group="0" ID="32" Name="wall_default_extension_3" Rotation="3.14159 1.32722e-006 3.14159" Scale="1 1 1" Tag="" WorldPos="-3.75 3.75 6.5" />
                <StaticObject CastShadows="true" Collides="true" FileIndex="4" Group="0" ID="33" Name="wall_default_extension_4" Rotation="3.14159 1.32722e-006 3.14159" Scale="1 1 1" Tag="" WorldPos="0.25 3.75 6.5" />
                <StaticObject CastShadows="true" Collides="true" FileIndex="4" Group="0" ID="37" Name="wall_default_extension_5" Rotation="3.14159 -1.5708 3.14159" Scale="1 1 1" Tag="" WorldPos="2.25 3.75 4.5" />
                <StaticObject CastShadows="true" Collides="true" FileIndex="4" Group="0" ID="38" Name="wall_default_extension_6" Rotation="3.14159 -1.5708 3.14159" Scale="1 1 1" Tag="" WorldPos="2.25 3.75 0.5" />
                <StaticObject CastShadows="true" Collides="true" FileIndex="4" Group="0" ID="39" Name="wall_default_extension_7" Rotation="0 -4.76995e-008 0" Scale="1 1 1" Tag="" WorldPos="0.25 3.75 -1.5" />
                <StaticObject CastShadows="true" Collides="true" FileIndex="4" Group="0" ID="40" Name="wall_default_extension_8" Rotation="0 -4.76995e-008 0" Scale="1 1 1" Tag="" WorldPos="-3.75 3.75 -1.5" />
                <StaticObject CastShadows="true" Collides="true" FileIndex="4" Group="0" ID="41" Name="wall_default_extension_9" Rotation="0 -4.76995e-008 0" Scale="1 1 1" Tag="" WorldPos="-7.75 3.75 -1.5" />
                <StaticObject CastShadows="true" Collides="true" FileIndex="4" Group="0" ID="42" Name="wall_default_extension_10" Rotation="0 -4.76995e-008 0" Scale="1 1 1" Tag="" WorldPos="-11.75 3.75 -1.5" />
                <StaticObject CastShadows="true" Collides="true" FileIndex="4" Group="0" ID="43" Name="wall_default_extension_11" Rotation="0 1.5708 0" Scale="1 1 1" Tag="" WorldPos="-5.5 3.75 0.5" />
                <StaticObject CastShadows="true" Collides="true" FileIndex="4" Group="0" ID="44" Name="wall_default_extension_12" Rotation="0 1.5708 0" Scale="1 1 1" Tag="" WorldPos="-5.5 3.75 4.5" />
                <StaticObject CastShadows="true" Collides="true" FileIndex="4" Group="0" ID="45" Name="wall_default_extension_13" Rotation="0 -1.57045 0" Scale="1 1 1" Tag="" WorldPos="-5.5 3.75 0.5" />
                <StaticObject CastShadows="true" Collides="true" FileIndex="4" Group="0" ID="46" Name="wall_default_extension_14" Rotation="0 -1.57045 0" Scale="1 1 1" Tag="" WorldPos="-5.5 3.75 4.5" />
            </StaticObjects>
            <Primitives>
                <Plane Active="true" AlignToWorldCoords="false" CastShadows="false" Collides="true" Corner1UV="0 7.75" Corner2UV="0 0" Corner3UV="16.25 0" Corner4UV="16.25 7.75" EndCorner="16.25 0 7.75" Group="0" ID="0" Material="C:/Program Files (x86)/Steam/steamapps/common/Amnesia The Dark Descent/static_objects/castlebase/castlebase_floor.mat" Name="Plane" Rotation="0 0 0" Scale="1 1 1" StartCorner="0 0 0" Tag="" TextureAngle="0" TileAmount="1 1 1" TileOffset="0 0 0" WorldPos="-13.5 0 -1.5" />
                <Plane Active="true" AlignToWorldCoords="false" CastShadows="false" Collides="true" Corner1UV="0 10" Corner2UV="0 0" Corner3UV="26.25 0" Corner4UV="26.25 10" EndCorner="26.25 0 10" Group="0" ID="47" Material="C:/Program Files (x86)/Steam/steamapps/common/Amnesia The Dark Descent/static_objects/cellarbase/floor/cellarbase_wood_floor.mat" Name="Plane" Rotation="0 0 -3.14159" Scale="1 1 1" StartCorner="0 0 0" Tag="" TextureAngle="0" TileAmount="1 1 1" TileOffset="0 0 0" WorldPos="6 6.75 -2.25" />
            </Primitives>
            <Decals />
            <Entities>
                <Entity Active="true" FileIndex="0" Group="0" ID="14" Name="level_celler_1" Rotation="3.14159 8.74228e-008 3.14159" Scale="1 1 1" Tag="" WorldPos="-1.75656 0.0804021 6.14208">
                    <UserVariables>
                        <Var Name="CastShadows" Value="true" />
                        <Var Name="StaticPhysics" Value="false" />
                        <Var Name="IsAffectedByDecal" Value="false" />
                        <Var Name="CallbackFunc" Value="" />
                        <Var Name="ConnectedProps" Value="" />
                        <Var Name="ConnectionStateChangeCallback" Value="" />
                        <Var Name="FullGameSave" Value="false" />
                        <Var Name="PlayerLookAtCallback" Value="" />
                        <Var Name="PlayerLookAtCallbackAutoRemove" Value="false" />
                        <Var Name="PlayerInteractCallback" Value="" />
                        <Var Name="PlayerInteractCallbackAutoRemove" Value="false" />
                        <Var Name="TextEntry" Value="" />
                        <Var Name="StartPos" Value="" />
                        <Var Name="MapFile" Value="" />
                        <Var Name="Locked" Value="false" />
                        <Var Name="LockedSound" Value="" />
                        <Var Name="LockedTextCat" Value="" />
                        <Var Name="LockedTextEntry" Value="" />
                        <Var Name="ShowStats" Value="true" />
                    </UserVariables>
                </Entity>
                <Area Active="true" AreaType="PlayerStart" Group="0" ID="16" Mesh="" Name="PlayerStartArea_1" Rotation="0 -0 0" Scale="1.46012 0.965209 1.14848" Tag="" WorldPos="-1.75 0 4.75">
                    <UserVariables />
                </Area>
                <Entity Active="true" FileIndex="2" Group="0" ID="51" Name="barrel01_1" Rotation="0 -4.71239 0" Scale="1 1 1" Tag="" WorldPos="-2.75 2.38419e-007 -0.5">
                    <UserVariables>
                        <Var Name="CastShadows" Value="true" />
                        <Var Name="StaticPhysics" Value="false" />
                        <Var Name="IsAffectedByDecal" Value="false" />
                        <Var Name="CallbackFunc" Value="" />
                        <Var Name="ConnectedProps" Value="" />
                        <Var Name="ConnectionStateChangeCallback" Value="" />
                        <Var Name="FullGameSave" Value="false" />
                        <Var Name="PlayerLookAtCallback" Value="" />
                        <Var Name="PlayerLookAtCallbackAutoRemove" Value="false" />
                        <Var Name="PlayerInteractCallback" Value="" />
                        <Var Name="PlayerInteractCallbackAutoRemove" Value="false" />
                        <Var Name="ContainedItem" Value="None" />
                        <Var Name="DisableBreakable" Value="false" />
                        <Var Name="IsInsanityVision" Value="false" />
                        <Var Name="VisionMaxSanity" Value="30" />
                    </UserVariables>
                </Entity>
                <Entity Active="true" FileIndex="2" Group="0" ID="52" Name="barrel01_2" Rotation="0 -4.71239 0" Scale="1 1 1" Tag="" WorldPos="-1.75 2.38419e-007 -0.5">
                    <UserVariables>
                        <Var Name="CastShadows" Value="true" />
                        <Var Name="StaticPhysics" Value="false" />
                        <Var Name="IsAffectedByDecal" Value="false" />
                        <Var Name="CallbackFunc" Value="" />
                        <Var Name="ConnectedProps" Value="" />
                        <Var Name="ConnectionStateChangeCallback" Value="" />
                        <Var Name="FullGameSave" Value="false" />
                        <Var Name="PlayerLookAtCallback" Value="" />
                        <Var Name="PlayerLookAtCallbackAutoRemove" Value="false" />
                        <Var Name="PlayerInteractCallback" Value="" />
                        <Var Name="PlayerInteractCallbackAutoRemove" Value="false" />
                        <Var Name="ContainedItem" Value="None" />
                        <Var Name="DisableBreakable" Value="false" />
                        <Var Name="IsInsanityVision" Value="false" />
                        <Var Name="VisionMaxSanity" Value="30" />
                    </UserVariables>
                </Entity>
                <Entity Active="true" FileIndex="2" Group="0" ID="53" Name="barrel01_3" Rotation="0 -4.71239 0" Scale="1 1 1" Tag="" WorldPos="-0.75 2.38419e-007 -0.5">
                    <UserVariables>
                        <Var Name="CastShadows" Value="true" />
                        <Var Name="StaticPhysics" Value="false" />
                        <Var Name="IsAffectedByDecal" Value="false" />
                        <Var Name="CallbackFunc" Value="" />
                        <Var Name="ConnectedProps" Value="" />
                        <Var Name="ConnectionStateChangeCallback" Value="" />
                        <Var Name="FullGameSave" Value="false" />
                        <Var Name="PlayerLookAtCallback" Value="" />
                        <Var Name="PlayerLookAtCallbackAutoRemove" Value="false" />
                        <Var Name="PlayerInteractCallback" Value="" />
                        <Var Name="PlayerInteractCallbackAutoRemove" Value="false" />
                        <Var Name="ContainedItem" Value="None" />
                        <Var Name="DisableBreakable" Value="false" />
                        <Var Name="IsInsanityVision" Value="false" />
                        <Var Name="VisionMaxSanity" Value="30" />
                    </UserVariables>
                </Entity>
                <Entity Active="true" FileIndex="2" Group="0" ID="54" Name="barrel01_4" Rotation="0 -4.71239 0" Scale="1 1 1" Tag="" WorldPos="1.75 2.38419e-007 1.5">
                    <UserVariables>
                        <Var Name="CastShadows" Value="true" />
                        <Var Name="StaticPhysics" Value="false" />
                        <Var Name="IsAffectedByDecal" Value="false" />
                        <Var Name="CallbackFunc" Value="" />
                        <Var Name="ConnectedProps" Value="" />
                        <Var Name="ConnectionStateChangeCallback" Value="" />
                        <Var Name="FullGameSave" Value="false" />
                        <Var Name="PlayerLookAtCallback" Value="" />
                        <Var Name="PlayerLookAtCallbackAutoRemove" Value="false" />
                        <Var Name="PlayerInteractCallback" Value="" />
                        <Var Name="PlayerInteractCallbackAutoRemove" Value="false" />
                        <Var Name="ContainedItem" Value="None" />
                        <Var Name="DisableBreakable" Value="false" />
                        <Var Name="IsInsanityVision" Value="false" />
                        <Var Name="VisionMaxSanity" Value="30" />
                    </UserVariables>
                </Entity>
                <Entity Active="true" FileIndex="2" Group="0" ID="55" Name="barrel01_5" Rotation="0 -4.71239 0" Scale="1 1 1" Tag="" WorldPos="1.75 2.38419e-007 2.5">
                    <UserVariables>
                        <Var Name="CastShadows" Value="true" />
                        <Var Name="StaticPhysics" Value="false" />
                        <Var Name="IsAffectedByDecal" Value="false" />
                        <Var Name="CallbackFunc" Value="" />
                        <Var Name="ConnectedProps" Value="" />
                        <Var Name="ConnectionStateChangeCallback" Value="" />
                        <Var Name="FullGameSave" Value="false" />
                        <Var Name="PlayerLookAtCallback" Value="" />
                        <Var Name="PlayerLookAtCallbackAutoRemove" Value="false" />
                        <Var Name="PlayerInteractCallback" Value="" />
                        <Var Name="PlayerInteractCallbackAutoRemove" Value="false" />
                        <Var Name="ContainedItem" Value="None" />
                        <Var Name="DisableBreakable" Value="false" />
                        <Var Name="IsInsanityVision" Value="false" />
                        <Var Name="VisionMaxSanity" Value="30" />
                    </UserVariables>
                </Entity>
                <Entity Active="true" FileIndex="2" Group="0" ID="56" Name="barrel01_6" Rotation="0 -4.71239 0" Scale="1 1 1" Tag="" WorldPos="1.75 2.38419e-007 0.5">
                    <UserVariables>
                        <Var Name="CastShadows" Value="true" />
                        <Var Name="StaticPhysics" Value="false" />
                        <Var Name="IsAffectedByDecal" Value="false" />
                        <Var Name="CallbackFunc" Value="" />
                        <Var Name="ConnectedProps" Value="" />
                        <Var Name="ConnectionStateChangeCallback" Value="" />
                        <Var Name="FullGameSave" Value="false" />
                        <Var Name="PlayerLookAtCallback" Value="" />
                        <Var Name="PlayerLookAtCallbackAutoRemove" Value="false" />
                        <Var Name="PlayerInteractCallback" Value="" />
                        <Var Name="PlayerInteractCallbackAutoRemove" Value="false" />
                        <Var Name="ContainedItem" Value="None" />
                        <Var Name="DisableBreakable" Value="false" />
                        <Var Name="IsInsanityVision" Value="false" />
                        <Var Name="VisionMaxSanity" Value="30" />
                    </UserVariables>
                </Entity>
                <Entity Active="true" FileIndex="3" Group="0" ID="57" Name="potion_oil_1" Rotation="0 -5.49779 0" Scale="1 1 1" Tag="" WorldPos="2.25 2.38419e-007 1">
                    <UserVariables>
                        <Var Name="CastShadows" Value="true" />
                        <Var Name="StaticPhysics" Value="false" />
                        <Var Name="IsAffectedByDecal" Value="false" />
                        <Var Name="CallbackFunc" Value="" />
                        <Var Name="ConnectedProps" Value="" />
                        <Var Name="ConnectionStateChangeCallback" Value="" />
                        <Var Name="FullGameSave" Value="false" />
                        <Var Name="PlayerLookAtCallback" Value="" />
                        <Var Name="PlayerLookAtCallbackAutoRemove" Value="false" />
                        <Var Name="PlayerInteractCallback" Value="" />
                        <Var Name="PlayerInteractCallbackAutoRemove" Value="false" />
                        <Var Name="CustomSubItemTypeName" Value="" />
                    </UserVariables>
                </Entity>
                <Entity Active="true" FileIndex="4" Group="0" ID="59" Name="candlestick_floor_red_1" Rotation="0 -5.49779 0" Scale="1 1 1" Tag="" WorldPos="-10.25 0 0">
                    <UserVariables>
                        <Var Name="CastShadows" Value="true" />
                        <Var Name="StaticPhysics" Value="false" />
                        <Var Name="IsAffectedByDecal" Value="false" />
                        <Var Name="CallbackFunc" Value="" />
                        <Var Name="ConnectedProps" Value="" />
                        <Var Name="ConnectionStateChangeCallback" Value="" />
                        <Var Name="FullGameSave" Value="false" />
                        <Var Name="PlayerLookAtCallback" Value="" />
                        <Var Name="PlayerLookAtCallbackAutoRemove" Value="false" />
                        <Var Name="PlayerInteractCallback" Value="" />
                        <Var Name="PlayerInteractCallbackAutoRemove" Value="false" />
                        <Var Name="Lit" Value="true" />
                        <Var Name="ConnectedLight" Value="" />
                        <Var Name="ConnectionLightAmount" Value="1" />
                        <Var Name="ConnectionLightUseOnColor" Value="true" />
                        <Var Name="ConnectionLightUseSpec" Value="false" />
                    </UserVariables>
                </Entity>
                <Entity Active="true" FileIndex="4" Group="0" ID="60" Name="candlestick_floor_red_2" Rotation="0 -6.80678 0" Scale="1 1 1" Tag="" WorldPos="-10.75 0 5.75">
                    <UserVariables>
                        <Var Name="CastShadows" Value="true" />
                        <Var Name="StaticPhysics" Value="false" />
                        <Var Name="IsAffectedByDecal" Value="false" />
                        <Var Name="CallbackFunc" Value="" />
                        <Var Name="ConnectedProps" Value="" />
                        <Var Name="ConnectionStateChangeCallback" Value="" />
                        <Var Name="FullGameSave" Value="false" />
                        <Var Name="PlayerLookAtCallback" Value="" />
                        <Var Name="PlayerLookAtCallbackAutoRemove" Value="false" />
                        <Var Name="PlayerInteractCallback" Value="" />
                        <Var Name="PlayerInteractCallbackAutoRemove" Value="false" />
                        <Var Name="Lit" Value="true" />
                        <Var Name="ConnectedLight" Value="" />
                        <Var Name="ConnectionLightAmount" Value="1" />
                        <Var Name="ConnectionLightUseOnColor" Value="true" />
                        <Var Name="ConnectionLightUseSpec" Value="false" />
                    </UserVariables>
                </Entity>
                <Entity Active="true" FileIndex="1" Group="0" ID="61" Name="grabcastle_1" Rotation="3.14159 -1.5708 -3.14159" Scale="1 1 1" Tag="" WorldPos="-5.35084 0.0880935 2.52049">
                    <UserVariables>
                        <Var Name="CastShadows" Value="true" />
                        <Var Name="StaticPhysics" Value="false" />
                        <Var Name="IsAffectedByDecal" Value="false" />
                        <Var Name="CallbackFunc" Value="" />
                        <Var Name="ConnectedProps" Value="" />
                        <Var Name="ConnectionStateChangeCallback" Value="" />
                        <Var Name="FullGameSave" Value="false" />
                        <Var Name="PlayerLookAtCallback" Value="" />
                        <Var Name="PlayerLookAtCallbackAutoRemove" Value="false" />
                        <Var Name="PlayerInteractCallback" Value="" />
                        <Var Name="PlayerInteractCallbackAutoRemove" Value="false" />
                        <Var Name="ContainedItem" Value="None" />
                        <Var Name="DisableBreakable" Value="false" />
                        <Var Name="IsInsanityVision" Value="false" />
                        <Var Name="VisionMaxSanity" Value="30" />
                    </UserVariables>
                </Entity>
            </Entities>
            <Misc />
            <StaticObjectCombos />
        </MapContents>
    </MapData>
</Level>
