<Level>
    <EditorSession>
        <Performance CamClipPlanes="0.05 1000" LightsActive="true" PSActive="true" ShowFog="true" ShowSkybox="true" WorldReflection="true" />
        <ViewportConfig BGColor="0.2 0.2 0.2 1" GAmbientLight="false" GPointLight="false" GridSnap="true" GridSnapSeparation="0.25" SelectedViewport="3" UsingEnlargedViewport="true">
            <Viewport CameraPosition="0 0 180" CameraTarget="0 0 0" CameraZoom="0" GridHeight="0" GridPlane="2" Preset="0" RenderMode="1" ShowAxes="true" ShowGrid="true" UsingLTCam="true" />
            <Viewport CameraPosition="180 0 0" CameraTarget="0 0 0" CameraZoom="0" GridHeight="0" GridPlane="0" Preset="1" RenderMode="1" ShowAxes="true" ShowGrid="true" UsingLTCam="true" />
            <Viewport CameraPosition="0 180 0" CameraTarget="0 0 0" CameraZoom="0" GridHeight="0" GridPlane="1" Preset="2" RenderMode="1" ShowAxes="true" ShowGrid="true" UsingLTCam="true" />
            <Viewport CameraPosition="-18.242 19.0756 11.3021" CameraTarget="5.62916 8 3.52519" CameraZoom="0.600001" GridHeight="8" GridPlane="1" Preset="3" RenderMode="0" ShowAxes="false" ShowGrid="false" UsingLTCam="true" />
        </ViewportConfig>
        <Groups>
            <Group ID="0" Name="None" Visible="true" />
        </Groups>
    </EditorSession>
    <MapData FogActive="true" FogColor="0.065918 0.28125 0.256016 1" FogCulling="true" FogEnd="70" FogFalloffExp="1" FogStart="0" GlobalDecalMaxTris="300" Name="" SkyBoxActive="true" SkyBoxColor="0.0666667 0.282353 0.254902 1" SkyBoxTexture="../../../../../../">
        <MapContents>
            <FileIndex_StaticObjects NumOfFiles="5">
                <File Id="0" Path="static_objects/dungeonbase/stairs/welder.dae" />
                <File Id="1" Path="static_objects/murky_castlebase/ceiling/corridor_arched_broken.dae" />
                <File Id="2" Path="static_objects/dungeonbase/stairs/stairs_spiral.dae" />
                <File Id="3" Path="static_objects/dungeonbase/pillar/stone_round.dae" />
                <File Id="4" Path="static_objects/castlebase/stairs/railing_worn.dae" />
            </FileIndex_StaticObjects>
            <FileIndex_Entities NumOfFiles="3">
                <File Id="0" Path="entities/lamp/torch_static01/torch_static_green.ent" />
                <File Id="1" Path="entities/lamp/bridge_torch/bridge_torch.ent" />
                <File Id="2" Path="custom_stories/42_cs/entities/lamp/torch_floor/torch_floor_green.ent" />
            </FileIndex_Entities>
            <FileIndex_Decals NumOfFiles="0" />
            <StaticObjects>
                <StaticObject CastShadows="true" Collides="true" FileIndex="1" Group="0" ID="29" Name="ceiling_corridor_arched_broken_1" Rotation="-1.5708 0 0" Scale="20 20 20" Tag="" WorldPos="0 0 0" />
                <StaticObject CastShadows="true" Collides="true" FileIndex="1" Group="0" ID="32" Name="ceiling_corridor_arched_broken_2" Rotation="1.5708 0 -3.14159" Scale="20 20 20" Tag="" WorldPos="0 0 0" />
                <StaticObject CastShadows="true" Collides="true" FileIndex="2" Group="0" ID="116" Name="stairs_stairs_spiral_1" Rotation="-3.14159 1.5708 -3.14159" Scale="1 1 1" Tag="" WorldPos="2 0 6" />
                <StaticObject CastShadows="true" Collides="true" FileIndex="0" Group="0" ID="117" Name="stairs_welder_1" Rotation="-3.14159 1.5708 -3.14159" Scale="1 1 1" Tag="" WorldPos="2 0 4" />
                <StaticObject CastShadows="true" Collides="true" FileIndex="2" Group="0" ID="119" Name="stairs_stairs_spiral_2" Rotation="0 2.14577e-006 0" Scale="1 1 1" Tag="" WorldPos="-4 4 0" />
                <StaticObject CastShadows="true" Collides="true" FileIndex="0" Group="0" ID="159" Name="stairs_welder_3" Rotation="-3.14159 1.5708 -3.14159" Scale="1 1 1" Tag="" WorldPos="2 8 -8" />
                <StaticObject CastShadows="true" Collides="true" FileIndex="0" Group="0" ID="160" Name="stairs_welder_4" Rotation="-3.14159 1.5708 -3.14159" Scale="1 1 1" Tag="" WorldPos="2 8 -4" />
                <StaticObject CastShadows="true" Collides="true" FileIndex="0" Group="0" ID="165" Name="stairs_welder_5" Rotation="-3.14159 1.5708 -3.14159" Scale="1 1 1" Tag="" WorldPos="2 8 0" />
                <StaticObject CastShadows="true" Collides="true" FileIndex="0" Group="0" ID="167" Name="stairs_welder_7" Rotation="-3.14159 1.5708 -3.14159" Scale="1 1 1" Tag="" WorldPos="6 8 -8" />
                <StaticObject CastShadows="true" Collides="true" FileIndex="4" Group="0" ID="169" Name="stairs_railing_worn_1" Rotation="-2.53518e-006 1.5708 -2.53518e-006" Scale="1 1 1" Tag="" WorldPos="4 8 -8" />
                <StaticObject CastShadows="true" Collides="true" FileIndex="4" Group="0" ID="170" Name="stairs_railing_worn_2" Rotation="0 0 0" Scale="1 1 1" Tag="" WorldPos="6 8 -6" />
                <StaticObject CastShadows="true" Collides="true" FileIndex="4" Group="0" ID="171" Name="stairs_railing_worn_3" Rotation="0 0 0" Scale="1 1 1" Tag="" WorldPos="6 8 -2" />
                <StaticObject CastShadows="true" Collides="true" FileIndex="4" Group="0" ID="172" Name="stairs_railing_worn_4" Rotation="0 0 0" Scale="1 1 1" Tag="" WorldPos="2 8 -2" />
                <StaticObject CastShadows="true" Collides="true" FileIndex="4" Group="0" ID="173" Name="stairs_railing_worn_5" Rotation="3.14159 1.5708 3.14159" Scale="1 1 1" Tag="" WorldPos="4 8 0" />
                <StaticObject CastShadows="true" Collides="true" FileIndex="3" Group="0" ID="179" Name="pillar_stone_round_2" Rotation="-2.53518e-006 1.5708 -2.53518e-006" Scale="1.25 1.25 1.25" Tag="" WorldPos="0 0 0" />
                <StaticObject CastShadows="true" Collides="true" FileIndex="3" Group="0" ID="199" Name="pillar_stone_round_6" Rotation="-2.53518e-006 1.5708 -2.53518e-006" Scale="1 1 1" Tag="" WorldPos="6 0 -8" />
                <StaticObject CastShadows="true" Collides="true" FileIndex="3" Group="0" ID="200" Name="pillar_stone_round_7" Rotation="-2.53518e-006 1.5708 -2.53518e-006" Scale="1 1 1" Tag="" WorldPos="2 0 -8" />
                <StaticObject CastShadows="true" Collides="true" FileIndex="3" Group="0" ID="223" Name="pillar_stone_round_8" Rotation="-2.53518e-006 1.5708 -2.53518e-006" Scale="1 1 1" Tag="" WorldPos="2 0 0" />
                <StaticObject CastShadows="true" Collides="true" FileIndex="3" Group="0" ID="230" Name="pillar_stone_round_9" Rotation="-2.53518e-006 1.5708 -2.53518e-006" Scale="1 1 1" Tag="" WorldPos="6 0 0" />
                <StaticObject CastShadows="true" Collides="true" FileIndex="0" Group="0" ID="231" Name="stairs_welder_6" Rotation="-3.14159 1.5708 -3.14159" Scale="1 1 1" Tag="" WorldPos="6 8 0" />
                <StaticObject CastShadows="true" Collides="true" FileIndex="0" Group="0" ID="235" Name="stairs_welder_2" Rotation="-3.14159 1.5708 -3.14159" Scale="1 1 1" Tag="" WorldPos="2 0 8" />
            </StaticObjects>
            <Primitives>
                <Plane Active="true" AlignToWorldCoords="true" CastShadows="false" Collides="true" Corner1UV="-1 1" Corner2UV="-1 -1" Corner3UV="1 -1" Corner4UV="1 1" EndCorner="80 0 80" Group="0" ID="36" Material="C:/Program Files (x86)/Steam/steamapps/common/Amnesia The Dark Descent/static_objects/dungeonbase/floor/gigantic_stones.mat" Name="Plane" Rotation="0 0 0" Scale="1 1 1" StartCorner="0 0 0" Tag="" TextureAngle="0" TileAmount="0.025 0.25 0.025" TileOffset="0 0 0" WorldPos="-40 0 -40" />
                <Plane Active="true" AlignToWorldCoords="true" CastShadows="false" Collides="true" Corner1UV="0.5 0" Corner2UV="0.5 -2" Corner3UV="1.5 -2" Corner4UV="1.5 0" EndCorner="4 0 8" Group="0" ID="162" Material="C:/Program Files (x86)/Steam/steamapps/common/Amnesia The Dark Descent/static_objects/dungeonbase/dungeonbase_floor.mat" Name="Plane" Rotation="0 0 0" Scale="1 1 1" StartCorner="0 0 0" Tag="" TextureAngle="0" TileAmount="0.25 1 0.25" TileOffset="0 0 0" WorldPos="2 8 -8" />
                <Plane Active="true" AlignToWorldCoords="false" CastShadows="false" Collides="true" Corner1UV="0 2" Corner2UV="0 0" Corner3UV="0.25 0" Corner4UV="0.25 2" EndCorner="1 0 8" Group="0" ID="174" Material="C:/Program Files (x86)/Steam/steamapps/common/Amnesia The Dark Descent/static_objects/dungeonbase/dungeonbase_floor.mat" Name="Plane_1" Rotation="-3.14159 0 -1.57079" Scale="1 1 1" StartCorner="0 0 0" Tag="" TextureAngle="0" TileAmount="0.25 1 0.25" TileOffset="0 0 0" WorldPos="2 8 0" />
                <Plane Active="true" AlignToWorldCoords="false" CastShadows="false" Collides="true" Corner1UV="0 1" Corner2UV="0 0" Corner3UV="0.25 0" Corner4UV="0.25 1" EndCorner="1 0 4" Group="0" ID="175" Material="C:/Program Files (x86)/Steam/steamapps/common/Amnesia The Dark Descent/static_objects/dungeonbase/dungeonbase_floor.mat" Name="Plane_2" Rotation="1.5708 0 -1.57079" Scale="1 1 1" StartCorner="0 0 0" Tag="" TextureAngle="0" TileAmount="0.25 1 0.25" TileOffset="0 0 0" WorldPos="6 8 0" />
                <Plane Active="true" AlignToWorldCoords="false" CastShadows="false" Collides="true" Corner1UV="0 2" Corner2UV="0 0" Corner3UV="0.25 0" Corner4UV="0.25 2" EndCorner="1 0 8" Group="0" ID="176" Material="C:/Program Files (x86)/Steam/steamapps/common/Amnesia The Dark Descent/static_objects/dungeonbase/dungeonbase_floor.mat" Name="Plane_3" Rotation="0 0 -1.5708" Scale="1 1 1" StartCorner="0 0 0" Tag="" TextureAngle="0" TileAmount="0.25 1 0.25" TileOffset="0 0 0" WorldPos="6 8 -8" />
                <Plane Active="true" AlignToWorldCoords="false" CastShadows="false" Collides="true" Corner1UV="0 1" Corner2UV="0 0" Corner3UV="0.25 0" Corner4UV="0.25 1" EndCorner="1 0 4" Group="0" ID="177" Material="C:/Program Files (x86)/Steam/steamapps/common/Amnesia The Dark Descent/static_objects/dungeonbase/dungeonbase_floor.mat" Name="Plane_4" Rotation="-1.5708 0 -1.5708" Scale="1 1 1" StartCorner="0 0 0" Tag="" TextureAngle="0" TileAmount="0.25 1 0.25" TileOffset="0 0 0" WorldPos="2 8 -8" />
                <Plane Active="true" AlignToWorldCoords="false" CastShadows="false" Collides="true" Corner1UV="0 1" Corner2UV="0 0" Corner3UV="2 0" Corner4UV="2 1" EndCorner="8 0 4" Group="0" ID="178" Material="C:/Program Files (x86)/Steam/steamapps/common/Amnesia The Dark Descent/static_objects/dungeonbase/dungeonbase_lab_wall.mat" Name="Plane_5" Rotation="-1.57079 -1.5708 -1.57079" Scale="1 1 1" StartCorner="0 0 0" Tag="" TextureAngle="0" TileAmount="0.25 1 0.25" TileOffset="0 0 0" WorldPos="2 7 -8" />
            </Primitives>
            <Decals />
            <Entities>
                <Entity Active="true" FileIndex="0" Group="0" ID="122" Name="torch_static_green_1" Rotation="0 0 0" Scale="1 1 1" Tag="" WorldPos="0 3.5 0.5">
                    <UserVariables>
                        <Var Name="CastShadows" Value="true" />
                        <Var Name="StaticPhysics" Value="false" />
                        <Var Name="IsAffectedByDecal" Value="false" />
                        <Var Name="CallbackFunc" Value="" />
                        <Var Name="ConnectedProps" Value="" />
                        <Var Name="ConnectionStateChangeCallback" Value="" />
                        <Var Name="FullGameSave" Value="false" />
                        <Var Name="PlayerLookAtCallback" Value="" />
                        <Var Name="PlayerLookAtCallbackAutoRemove" Value="false" />
                        <Var Name="PlayerInteractCallback" Value="" />
                        <Var Name="PlayerInteractCallbackAutoRemove" Value="false" />
                        <Var Name="Lit" Value="true" />
                        <Var Name="ConnectedLight" Value="" />
                        <Var Name="ConnectionLightAmount" Value="1" />
                        <Var Name="ConnectionLightUseOnColor" Value="true" />
                        <Var Name="ConnectionLightUseSpec" Value="false" />
                    </UserVariables>
                </Entity>
                <PointLight Active="true" CastShadows="false" DiffuseColor="0.200424 0.722656 0.661457 1" FalloffMap="" FlickerActive="false" FlickerFade="false" FlickerOffColor="0 0 0 1" FlickerOffFadeMaxLength="0" FlickerOffFadeMinLength="0" FlickerOffMaxLength="0" FlickerOffMinLength="0" FlickerOffPS="" FlickerOffRadius="0" FlickerOffSound="" FlickerOnFadeMaxLength="0" FlickerOnFadeMinLength="0" FlickerOnMaxLength="0" FlickerOnMinLength="0" FlickerOnPS="" FlickerOnSound="" Gobo="" GoboAnimFrameTime="0" GoboAnimMode="None" Group="0" ID="123" Name="PointLight_1" Radius="4" Rotation="0 0 0" Scale="1 1 1" ShadowResolution="High" ShadowsAffectDynamic="true" ShadowsAffectStatic="true" Tag="" WorldPos="0 4.25 2.5" />
                <PointLight Active="true" CastShadows="false" DiffuseColor="0.126755 0.457031 0.418327 1" FalloffMap="" FlickerActive="false" FlickerFade="false" FlickerOffColor="0 0 0 1" FlickerOffFadeMaxLength="0" FlickerOffFadeMinLength="0" FlickerOffMaxLength="0" FlickerOffMinLength="0" FlickerOffPS="" FlickerOffRadius="0" FlickerOffSound="" FlickerOnFadeMaxLength="0" FlickerOnFadeMinLength="0" FlickerOnMaxLength="0" FlickerOnMinLength="0" FlickerOnPS="" FlickerOnSound="" Gobo="" GoboAnimFrameTime="0" GoboAnimMode="None" Group="0" ID="124" Name="PointLight_2" Radius="4.5" Rotation="0 0 0" Scale="1 1 1" ShadowResolution="High" ShadowsAffectDynamic="true" ShadowsAffectStatic="true" Tag="" WorldPos="0 4.75 4" />
                <SpotLight Active="true" Aspect="1" CastShadows="true" DiffuseColor="0.103226 0.800781 0.653641 1" FOV="1.0472" FalloffMap="" FlickerActive="false" FlickerFade="false" FlickerOffColor="0 0 0 1" FlickerOffFadeMaxLength="0" FlickerOffFadeMinLength="0" FlickerOffMaxLength="0" FlickerOffMinLength="0" FlickerOffPS="" FlickerOffRadius="0" FlickerOffSound="" FlickerOnFadeMaxLength="0" FlickerOnFadeMinLength="0" FlickerOnMaxLength="0" FlickerOnMinLength="0" FlickerOnPS="" FlickerOnSound="" Gobo="" GoboAnimFrameTime="0" GoboAnimMode="None" Group="0" ID="125" Name="SpotLight_1" NearClipPlane="0.1" Radius="10" Rotation="2.87979 -4.44253e-006 -3.14159" Scale="1 1 1" ShadowResolution="High" ShadowsAffectDynamic="true" ShadowsAffectStatic="true" SpotFalloffMap="" Tag="" WorldPos="0 4.25 1" />
                <SpotLight Active="true" Aspect="1" CastShadows="true" DiffuseColor="0.103226 0.800781 0.653641 1" FOV="1.0472" FalloffMap="" FlickerActive="false" FlickerFade="false" FlickerOffColor="0 0 0 1" FlickerOffFadeMaxLength="0" FlickerOffFadeMinLength="0" FlickerOffMaxLength="0" FlickerOffMinLength="0" FlickerOffPS="" FlickerOffRadius="0" FlickerOffSound="" FlickerOnFadeMaxLength="0" FlickerOnFadeMinLength="0" FlickerOnMaxLength="0" FlickerOnMinLength="0" FlickerOnPS="" FlickerOnSound="" Gobo="" GoboAnimFrameTime="0" GoboAnimMode="None" Group="0" ID="126" Name="SpotLight_2" NearClipPlane="0.1" Radius="7" Rotation="2.618 -0.785402 -3.14159" Scale="1 1 1" ShadowResolution="High" ShadowsAffectDynamic="true" ShadowsAffectStatic="true" SpotFalloffMap="" Tag="" WorldPos="0.25 4.25 1.25" />
                <PointLight Active="true" CastShadows="false" DiffuseColor="0.0552521 0.199219 0.182348 1" FalloffMap="" FlickerActive="false" FlickerFade="false" FlickerOffColor="0 0 0 1" FlickerOffFadeMaxLength="0" FlickerOffFadeMinLength="0" FlickerOffMaxLength="0" FlickerOffMinLength="0" FlickerOffPS="" FlickerOffRadius="0" FlickerOffSound="" FlickerOnFadeMaxLength="0" FlickerOnFadeMinLength="0" FlickerOnMaxLength="0" FlickerOnMinLength="0" FlickerOnPS="" FlickerOnSound="" Gobo="" GoboAnimFrameTime="0" GoboAnimMode="None" Group="0" ID="127" Name="PointLight_3" Radius="7" Rotation="0 0 0" Scale="1 1 1" ShadowResolution="High" ShadowsAffectDynamic="true" ShadowsAffectStatic="true" Tag="" WorldPos="0 4.25 6.5" />
                <Entity Active="true" FileIndex="0" Group="0" ID="128" Name="torch_static_green_2" Rotation="3.14159 -1.5708 3.14159" Scale="1 1 1" Tag="" WorldPos="-0.5 5.5 0">
                    <UserVariables>
                        <Var Name="CastShadows" Value="true" />
                        <Var Name="StaticPhysics" Value="false" />
                        <Var Name="IsAffectedByDecal" Value="false" />
                        <Var Name="CallbackFunc" Value="" />
                        <Var Name="ConnectedProps" Value="" />
                        <Var Name="ConnectionStateChangeCallback" Value="" />
                        <Var Name="FullGameSave" Value="false" />
                        <Var Name="PlayerLookAtCallback" Value="" />
                        <Var Name="PlayerLookAtCallbackAutoRemove" Value="false" />
                        <Var Name="PlayerInteractCallback" Value="" />
                        <Var Name="PlayerInteractCallbackAutoRemove" Value="false" />
                        <Var Name="Lit" Value="true" />
                        <Var Name="ConnectedLight" Value="" />
                        <Var Name="ConnectionLightAmount" Value="1" />
                        <Var Name="ConnectionLightUseOnColor" Value="true" />
                        <Var Name="ConnectionLightUseSpec" Value="false" />
                    </UserVariables>
                </Entity>
                <SpotLight Active="true" Aspect="1" CastShadows="true" DiffuseColor="0.103226 0.800781 0.653641 1" FOV="1.0472" FalloffMap="" FlickerActive="false" FlickerFade="false" FlickerOffColor="0 0 0 1" FlickerOffFadeMaxLength="0" FlickerOffFadeMinLength="0" FlickerOffMaxLength="0" FlickerOffMinLength="0" FlickerOffPS="" FlickerOffRadius="0" FlickerOffSound="" FlickerOnFadeMaxLength="0" FlickerOnFadeMinLength="0" FlickerOnMaxLength="0" FlickerOnMinLength="0" FlickerOnPS="" FlickerOnSound="" Gobo="" GoboAnimFrameTime="0" GoboAnimMode="None" Group="0" ID="129" Name="SpotLight_3" NearClipPlane="0.1" Radius="10" Rotation="-0.173503 1.5708 0.0882927" Scale="1 1 1" ShadowResolution="High" ShadowsAffectDynamic="true" ShadowsAffectStatic="true" SpotFalloffMap="" Tag="" WorldPos="-1 6.25 0" />
                <SpotLight Active="true" Aspect="1" CastShadows="true" DiffuseColor="0.103226 0.800781 0.653641 1" FOV="1.0472" FalloffMap="" FlickerActive="false" FlickerFade="false" FlickerOffColor="0 0 0 1" FlickerOffFadeMaxLength="0" FlickerOffFadeMinLength="0" FlickerOffMaxLength="0" FlickerOffMinLength="0" FlickerOffPS="" FlickerOffRadius="0" FlickerOffSound="" FlickerOnFadeMaxLength="0" FlickerOnFadeMinLength="0" FlickerOnMaxLength="0" FlickerOnMinLength="0" FlickerOnPS="" FlickerOnSound="" Gobo="" GoboAnimFrameTime="0" GoboAnimMode="None" Group="0" ID="130" Name="SpotLight_4" NearClipPlane="0.1" Radius="7" Rotation="2.618 1.04719 -3.14159" Scale="1 1 1" ShadowResolution="High" ShadowsAffectDynamic="true" ShadowsAffectStatic="true" SpotFalloffMap="" Tag="" WorldPos="-1.25 6.25 0.25" />
                <PointLight Active="true" CastShadows="false" DiffuseColor="0.200424 0.722656 0.661457 1" FalloffMap="" FlickerActive="false" FlickerFade="false" FlickerOffColor="0 0 0 1" FlickerOffFadeMaxLength="0" FlickerOffFadeMinLength="0" FlickerOffMaxLength="0" FlickerOffMinLength="0" FlickerOffPS="" FlickerOffRadius="0" FlickerOffSound="" FlickerOnFadeMaxLength="0" FlickerOnFadeMinLength="0" FlickerOnMaxLength="0" FlickerOnMinLength="0" FlickerOnPS="" FlickerOnSound="" Gobo="" GoboAnimFrameTime="0" GoboAnimMode="None" Group="0" ID="131" Name="PointLight_4" Radius="4" Rotation="-2.53518e-006 -1.5708 -2.53518e-006" Scale="1 1 1" ShadowResolution="High" ShadowsAffectDynamic="true" ShadowsAffectStatic="true" Tag="" WorldPos="-2.5 6.25 0" />
                <PointLight Active="true" CastShadows="false" DiffuseColor="0.126755 0.457031 0.418327 1" FalloffMap="" FlickerActive="false" FlickerFade="false" FlickerOffColor="0 0 0 1" FlickerOffFadeMaxLength="0" FlickerOffFadeMinLength="0" FlickerOffMaxLength="0" FlickerOffMinLength="0" FlickerOffPS="" FlickerOffRadius="0" FlickerOffSound="" FlickerOnFadeMaxLength="0" FlickerOnFadeMinLength="0" FlickerOnMaxLength="0" FlickerOnMinLength="0" FlickerOnPS="" FlickerOnSound="" Gobo="" GoboAnimFrameTime="0" GoboAnimMode="None" Group="0" ID="132" Name="PointLight_5" Radius="4.5" Rotation="-2.53518e-006 -1.5708 -2.53518e-006" Scale="1 1 1" ShadowResolution="High" ShadowsAffectDynamic="true" ShadowsAffectStatic="true" Tag="" WorldPos="-4 6.75 0" />
                <PointLight Active="true" CastShadows="false" DiffuseColor="0.0552521 0.199219 0.182348 1" FalloffMap="" FlickerActive="false" FlickerFade="false" FlickerOffColor="0 0 0 1" FlickerOffFadeMaxLength="0" FlickerOffFadeMinLength="0" FlickerOffMaxLength="0" FlickerOffMinLength="0" FlickerOffPS="" FlickerOffRadius="0" FlickerOffSound="" FlickerOnFadeMaxLength="0" FlickerOnFadeMinLength="0" FlickerOnMaxLength="0" FlickerOnMinLength="0" FlickerOnPS="" FlickerOnSound="" Gobo="" GoboAnimFrameTime="0" GoboAnimMode="None" Group="0" ID="133" Name="PointLight_6" Radius="7" Rotation="-2.53518e-006 -1.5708 -2.53518e-006" Scale="1 1 1" ShadowResolution="High" ShadowsAffectDynamic="true" ShadowsAffectStatic="true" Tag="" WorldPos="-6.5 6.25 0" />
                <PointLight Active="true" CastShadows="false" DiffuseColor="0.065918 0.28125 0.256016 1" FalloffMap="" FlickerActive="false" FlickerFade="false" FlickerOffColor="0 0 0 1" FlickerOffFadeMaxLength="0" FlickerOffFadeMinLength="0" FlickerOffMaxLength="0" FlickerOffMinLength="0" FlickerOffPS="" FlickerOffRadius="0" FlickerOffSound="" FlickerOnFadeMaxLength="0" FlickerOnFadeMinLength="0" FlickerOnMaxLength="0" FlickerOnMinLength="0" FlickerOnPS="" FlickerOnSound="" Gobo="" GoboAnimFrameTime="0" GoboAnimMode="None" Group="0" ID="135" Name="PointLight_7" Radius="9.5" Rotation="-2.53518e-006 -1.5708 -2.53518e-006" Scale="1 1 1" ShadowResolution="High" ShadowsAffectDynamic="true" ShadowsAffectStatic="true" Tag="" WorldPos="-2.5 4.75 4.25" />
                <PointLight Active="true" CastShadows="false" DiffuseColor="0.065918 0.28125 0.256016 1" FalloffMap="" FlickerActive="false" FlickerFade="false" FlickerOffColor="0 0 0 1" FlickerOffFadeMaxLength="0" FlickerOffFadeMinLength="0" FlickerOffMaxLength="0" FlickerOffMinLength="0" FlickerOffPS="" FlickerOffRadius="0" FlickerOffSound="" FlickerOnFadeMaxLength="0" FlickerOnFadeMinLength="0" FlickerOnMaxLength="0" FlickerOnMinLength="0" FlickerOnPS="" FlickerOnSound="" Gobo="" GoboAnimFrameTime="0" GoboAnimMode="None" Group="0" ID="136" Name="PointLight_8" Radius="7" Rotation="-2.53518e-006 -1.5708 -2.53518e-006" Scale="1 1 1" ShadowResolution="High" ShadowsAffectDynamic="true" ShadowsAffectStatic="true" Tag="" WorldPos="-3 7.5 -1.5" />
                <Entity Active="true" FileIndex="1" Group="0" ID="185" Name="bridge_torch_1" Rotation="0 0 0" Scale="1 1 1" Tag="" WorldPos="0 10 0">
                    <UserVariables>
                        <Var Name="CastShadows" Value="true" />
                        <Var Name="StaticPhysics" Value="false" />
                        <Var Name="IsAffectedByDecal" Value="false" />
                        <Var Name="CallbackFunc" Value="" />
                        <Var Name="ConnectedProps" Value="" />
                        <Var Name="ConnectionStateChangeCallback" Value="" />
                        <Var Name="FullGameSave" Value="false" />
                        <Var Name="PlayerLookAtCallback" Value="" />
                        <Var Name="PlayerLookAtCallbackAutoRemove" Value="false" />
                        <Var Name="PlayerInteractCallback" Value="" />
                        <Var Name="PlayerInteractCallbackAutoRemove" Value="false" />
                        <Var Name="Lit" Value="true" />
                        <Var Name="ConnectedLight" Value="" />
                        <Var Name="ConnectionLightAmount" Value="1" />
                        <Var Name="ConnectionLightUseOnColor" Value="true" />
                        <Var Name="ConnectionLightUseSpec" Value="false" />
                    </UserVariables>
                </Entity>
                <PointLight Active="true" CastShadows="false" DiffuseColor="0.037384 0.191406 0.173357 1" FalloffMap="" FlickerActive="false" FlickerFade="false" FlickerOffColor="0 0 0 1" FlickerOffFadeMaxLength="0" FlickerOffFadeMinLength="0" FlickerOffMaxLength="0" FlickerOffMinLength="0" FlickerOffPS="" FlickerOffRadius="0" FlickerOffSound="" FlickerOnFadeMaxLength="0" FlickerOnFadeMinLength="0" FlickerOnMaxLength="0" FlickerOnMinLength="0" FlickerOnPS="" FlickerOnSound="" Gobo="" GoboAnimFrameTime="0" GoboAnimMode="None" Group="0" ID="186" Name="PointLight_9" Radius="9.5" Rotation="-2.53518e-006 -1.5708 -2.53518e-006" Scale="1 1 1" ShadowResolution="High" ShadowsAffectDynamic="true" ShadowsAffectStatic="true" Tag="" WorldPos="-2 9.25 -5.25" />
                <SpotLight Active="true" Aspect="1" CastShadows="true" DiffuseColor="0.103226 0.800781 0.653641 1" FOV="1.0472" FalloffMap="" FlickerActive="false" FlickerFade="false" FlickerOffColor="0 0 0 1" FlickerOffFadeMaxLength="0" FlickerOffFadeMinLength="0" FlickerOffMaxLength="0" FlickerOffMinLength="0" FlickerOffPS="" FlickerOffRadius="0" FlickerOffSound="" FlickerOnFadeMaxLength="0" FlickerOnFadeMinLength="0" FlickerOnMaxLength="0" FlickerOnMinLength="0" FlickerOnPS="" FlickerOnSound="" Gobo="" GoboAnimFrameTime="0" GoboAnimMode="None" Group="0" ID="187" Name="SpotLight_5" NearClipPlane="0.4" Radius="10" Rotation="-1.58051e-008 -0.785395 -1.56318e-008" Scale="1 1 1" ShadowResolution="High" ShadowsAffectDynamic="true" ShadowsAffectStatic="true" SpotFalloffMap="" Tag="" WorldPos="0 11 0" />
                <PointLight Active="true" CastShadows="false" DiffuseColor="0.065918 0.28125 0.256016 1" FalloffMap="" FlickerActive="false" FlickerFade="false" FlickerOffColor="0 0 0 1" FlickerOffFadeMaxLength="0" FlickerOffFadeMinLength="0" FlickerOffMaxLength="0" FlickerOffMinLength="0" FlickerOffPS="" FlickerOffRadius="0" FlickerOffSound="" FlickerOnFadeMaxLength="0" FlickerOnFadeMinLength="0" FlickerOnMaxLength="0" FlickerOnMinLength="0" FlickerOnPS="" FlickerOnSound="" Gobo="" GoboAnimFrameTime="0" GoboAnimMode="None" Group="0" ID="189" Name="PointLight_10" Radius="7" Rotation="3.14159 -1.5708 3.14159" Scale="1 1 1" ShadowResolution="High" ShadowsAffectDynamic="true" ShadowsAffectStatic="true" Tag="" WorldPos="0.75 12.25 -1" />
                <PointLight Active="true" CastShadows="false" DiffuseColor="0.126755 0.457031 0.418327 1" FalloffMap="" FlickerActive="false" FlickerFade="false" FlickerOffColor="0 0 0 1" FlickerOffFadeMaxLength="0" FlickerOffFadeMinLength="0" FlickerOffMaxLength="0" FlickerOffMinLength="0" FlickerOffPS="" FlickerOffRadius="0" FlickerOffSound="" FlickerOnFadeMaxLength="0" FlickerOnFadeMinLength="0" FlickerOnMaxLength="0" FlickerOnMinLength="0" FlickerOnPS="" FlickerOnSound="" Gobo="" GoboAnimFrameTime="0" GoboAnimMode="None" Group="0" ID="190" Name="PointLight_11" Radius="4.5" Rotation="3.14159 -1.5708 3.14159" Scale="1 1 1" ShadowResolution="High" ShadowsAffectDynamic="true" ShadowsAffectStatic="true" Tag="" WorldPos="1 12.25 -2.25" />
                <SpotLight Active="true" Aspect="1" CastShadows="true" DiffuseColor="0.103226 0.800781 0.653641 1" FOV="1.0472" FalloffMap="" FlickerActive="false" FlickerFade="false" FlickerOffColor="0 0 0 1" FlickerOffFadeMaxLength="0" FlickerOffFadeMinLength="0" FlickerOffMaxLength="0" FlickerOffMinLength="0" FlickerOffPS="" FlickerOffRadius="0" FlickerOffSound="" FlickerOnFadeMaxLength="0" FlickerOnFadeMinLength="0" FlickerOnMaxLength="0" FlickerOnMinLength="0" FlickerOnPS="" FlickerOnSound="" Gobo="" GoboAnimFrameTime="0" GoboAnimMode="None" Group="0" ID="191" Name="SpotLight_6" NearClipPlane="0.5" Radius="10" Rotation="-0.523598 2.38419e-006 -2.68077e-008" Scale="1 1 1" ShadowResolution="High" ShadowsAffectDynamic="true" ShadowsAffectStatic="true" SpotFalloffMap="" Tag="" WorldPos="0 11 0" />
                <SpotLight Active="true" Aspect="1" CastShadows="true" DiffuseColor="0.103226 0.800781 0.653641 1" FOV="1.0472" FalloffMap="" FlickerActive="false" FlickerFade="false" FlickerOffColor="0 0 0 1" FlickerOffFadeMaxLength="0" FlickerOffFadeMinLength="0" FlickerOffMaxLength="0" FlickerOffMinLength="0" FlickerOffPS="" FlickerOffRadius="0" FlickerOffSound="" FlickerOnFadeMaxLength="0" FlickerOnFadeMinLength="0" FlickerOnMaxLength="0" FlickerOnMinLength="0" FlickerOnPS="" FlickerOnSound="" Gobo="" GoboAnimFrameTime="0" GoboAnimMode="None" Group="0" ID="192" Name="SpotLight_7" NearClipPlane="0.5" Radius="10" Rotation="-0.523598 0.785399 -2.68077e-008" Scale="1 1 1" ShadowResolution="High" ShadowsAffectDynamic="true" ShadowsAffectStatic="true" SpotFalloffMap="" Tag="" WorldPos="0 11 0" />
                <BoxLight Active="true" BlendFunc="0" CastShadows="false" DiffuseColor="0.0456085 0.191406 0.17285 1" FalloffMap="" FlickerActive="false" FlickerFade="false" FlickerOffColor="0 0 0 1" FlickerOffFadeMaxLength="0" FlickerOffFadeMinLength="0" FlickerOffMaxLength="0" FlickerOffMinLength="0" FlickerOffPS="" FlickerOffRadius="0" FlickerOffSound="" FlickerOnFadeMaxLength="0" FlickerOnFadeMinLength="0" FlickerOnMaxLength="0" FlickerOnMinLength="0" FlickerOnPS="" FlickerOnSound="" Gobo="" GoboAnimFrameTime="0" GoboAnimMode="None" Group="0" ID="196" Name="BoxLight_1" Radius="1" Rotation="0 0 0" Scale="120 120 120" ShadowResolution="High" ShadowsAffectDynamic="true" ShadowsAffectStatic="true" Size="120 120 120" Tag="" WorldPos="0 0 0" />
                <Area Active="true" AreaType="PlayerStart" Group="0" ID="201" Mesh="" Name="PlayerStartArea_1" Rotation="0 -1.5708 0" Scale="1 1 1" Tag="" WorldPos="4 0 6">
                    <UserVariables />
                </Area>
                <SpotLight Active="true" Aspect="1" CastShadows="true" DiffuseColor="0.103226 0.800781 0.653641 1" FOV="1.0472" FalloffMap="" FlickerActive="false" FlickerFade="false" FlickerOffColor="0 0 0 1" FlickerOffFadeMaxLength="0" FlickerOffFadeMinLength="0" FlickerOffMaxLength="0" FlickerOffMinLength="0" FlickerOffPS="" FlickerOffRadius="0" FlickerOffSound="" FlickerOnFadeMaxLength="0" FlickerOnFadeMinLength="0" FlickerOnMaxLength="0" FlickerOnMinLength="0" FlickerOnPS="" FlickerOnSound="" Gobo="" GoboAnimFrameTime="0" GoboAnimMode="None" Group="0" ID="227" Name="SpotLight_9" NearClipPlane="0.1" Radius="10" Rotation="-2.53518e-006 -1.5708 -2.53518e-006" Scale="1 1 1" ShadowResolution="High" ShadowsAffectDynamic="true" ShadowsAffectStatic="true" SpotFalloffMap="" Tag="" WorldPos="0 11 0" />
                <SpotLight Active="true" Aspect="1" CastShadows="true" DiffuseColor="0.103226 0.800781 0.653641 1" FOV="1.0472" FalloffMap="" FlickerActive="false" FlickerFade="false" FlickerOffColor="0 0 0 1" FlickerOffFadeMaxLength="0" FlickerOffFadeMinLength="0" FlickerOffMaxLength="0" FlickerOffMinLength="0" FlickerOffPS="" FlickerOffRadius="0" FlickerOffSound="" FlickerOnFadeMaxLength="0" FlickerOnFadeMinLength="0" FlickerOnMaxLength="0" FlickerOnMinLength="0" FlickerOnPS="" FlickerOnSound="" Gobo="" GoboAnimFrameTime="0" GoboAnimMode="None" Group="0" ID="228" Name="SpotLight_10" NearClipPlane="0.1" Radius="10" Rotation="-3.14159 -0.261801 -3.14159" Scale="1 1 1" ShadowResolution="High" ShadowsAffectDynamic="true" ShadowsAffectStatic="true" SpotFalloffMap="" Tag="" WorldPos="0 11 0" />
                <Entity Active="true" FileIndex="2" Group="0" ID="251" Name="torch_floor_1" Rotation="0 -0.785397 0" Scale="1 1 1" Tag="" WorldPos="2 1 4">
                    <UserVariables>
                        <Var Name="CastShadows" Value="true" />
                        <Var Name="StaticPhysics" Value="false" />
                        <Var Name="IsAffectedByDecal" Value="false" />
                        <Var Name="CallbackFunc" Value="" />
                        <Var Name="ConnectedProps" Value="" />
                        <Var Name="ConnectionStateChangeCallback" Value="" />
                        <Var Name="FullGameSave" Value="false" />
                        <Var Name="PlayerLookAtCallback" Value="" />
                        <Var Name="PlayerLookAtCallbackAutoRemove" Value="false" />
                        <Var Name="PlayerInteractCallback" Value="" />
                        <Var Name="PlayerInteractCallbackAutoRemove" Value="false" />
                        <Var Name="Lit" Value="true" />
                        <Var Name="ConnectedLight" Value="" />
                        <Var Name="ConnectionLightAmount" Value="1" />
                        <Var Name="ConnectionLightUseOnColor" Value="true" />
                        <Var Name="ConnectionLightUseSpec" Value="false" />
                    </UserVariables>
                </Entity>
                <Entity Active="true" FileIndex="2" Group="0" ID="252" Name="torch_floor_2" Rotation="0 0.785397 0" Scale="1 1 1" Tag="" WorldPos="2 1 8">
                    <UserVariables>
                        <Var Name="CastShadows" Value="true" />
                        <Var Name="StaticPhysics" Value="false" />
                        <Var Name="IsAffectedByDecal" Value="false" />
                        <Var Name="CallbackFunc" Value="" />
                        <Var Name="ConnectedProps" Value="" />
                        <Var Name="ConnectionStateChangeCallback" Value="" />
                        <Var Name="FullGameSave" Value="false" />
                        <Var Name="PlayerLookAtCallback" Value="" />
                        <Var Name="PlayerLookAtCallbackAutoRemove" Value="false" />
                        <Var Name="PlayerInteractCallback" Value="" />
                        <Var Name="PlayerInteractCallbackAutoRemove" Value="false" />
                        <Var Name="Lit" Value="true" />
                        <Var Name="ConnectedLight" Value="" />
                        <Var Name="ConnectionLightAmount" Value="1" />
                        <Var Name="ConnectionLightUseOnColor" Value="true" />
                        <Var Name="ConnectionLightUseSpec" Value="false" />
                    </UserVariables>
                </Entity>
                <Entity Active="true" FileIndex="2" Group="0" ID="253" Name="torch_floor_3" Rotation="-3.14159 0.785392 -3.14159" Scale="1 1 1" Tag="" WorldPos="2 9 -4">
                    <UserVariables>
                        <Var Name="CastShadows" Value="true" />
                        <Var Name="StaticPhysics" Value="false" />
                        <Var Name="IsAffectedByDecal" Value="false" />
                        <Var Name="CallbackFunc" Value="" />
                        <Var Name="ConnectedProps" Value="" />
                        <Var Name="ConnectionStateChangeCallback" Value="" />
                        <Var Name="FullGameSave" Value="false" />
                        <Var Name="PlayerLookAtCallback" Value="" />
                        <Var Name="PlayerLookAtCallbackAutoRemove" Value="false" />
                        <Var Name="PlayerInteractCallback" Value="" />
                        <Var Name="PlayerInteractCallbackAutoRemove" Value="false" />
                        <Var Name="Lit" Value="true" />
                        <Var Name="ConnectedLight" Value="" />
                        <Var Name="ConnectionLightAmount" Value="1" />
                        <Var Name="ConnectionLightUseOnColor" Value="true" />
                        <Var Name="ConnectionLightUseSpec" Value="false" />
                    </UserVariables>
                </Entity>
                <Entity Active="true" FileIndex="2" Group="0" ID="254" Name="torch_floor_4" Rotation="3.14159 -0.785393 3.14159" Scale="1 1 1" Tag="" WorldPos="2 9 -8">
                    <UserVariables>
                        <Var Name="CastShadows" Value="true" />
                        <Var Name="StaticPhysics" Value="false" />
                        <Var Name="IsAffectedByDecal" Value="false" />
                        <Var Name="CallbackFunc" Value="" />
                        <Var Name="ConnectedProps" Value="" />
                        <Var Name="ConnectionStateChangeCallback" Value="" />
                        <Var Name="FullGameSave" Value="false" />
                        <Var Name="PlayerLookAtCallback" Value="" />
                        <Var Name="PlayerLookAtCallbackAutoRemove" Value="false" />
                        <Var Name="PlayerInteractCallback" Value="" />
                        <Var Name="PlayerInteractCallbackAutoRemove" Value="false" />
                        <Var Name="Lit" Value="true" />
                        <Var Name="ConnectedLight" Value="" />
                        <Var Name="ConnectionLightAmount" Value="1" />
                        <Var Name="ConnectionLightUseOnColor" Value="true" />
                        <Var Name="ConnectionLightUseSpec" Value="false" />
                    </UserVariables>
                </Entity>
                <PointLight Active="true" CastShadows="false" DiffuseColor="0.0615082 0.542969 0.486546 1" FalloffMap="" FlickerActive="false" FlickerFade="false" FlickerOffColor="0 0 0 1" FlickerOffFadeMaxLength="0" FlickerOffFadeMinLength="0" FlickerOffMaxLength="0" FlickerOffMinLength="0" FlickerOffPS="" FlickerOffRadius="0" FlickerOffSound="" FlickerOnFadeMaxLength="0" FlickerOnFadeMinLength="0" FlickerOnMaxLength="0" FlickerOnMinLength="0" FlickerOnPS="" FlickerOnSound="" Gobo="" GoboAnimFrameTime="0" GoboAnimMode="None" Group="0" ID="255" Name="PointLight_12" Radius="11" Rotation="3.14159 -1.5708 3.14159" Scale="1 1 1" ShadowResolution="High" ShadowsAffectDynamic="true" ShadowsAffectStatic="true" Tag="" WorldPos="4.5 10.5 -5.75" />
                <Entity Active="true" FileIndex="2" Group="0" ID="354" Name="torch_floor_6" Rotation="-3.14159 0.785392 -3.14159" Scale="1 1 1" Tag="" WorldPos="6 9 0">
                    <UserVariables>
                        <Var Name="CastShadows" Value="true" />
                        <Var Name="StaticPhysics" Value="false" />
                        <Var Name="IsAffectedByDecal" Value="false" />
                        <Var Name="CallbackFunc" Value="" />
                        <Var Name="ConnectedProps" Value="" />
                        <Var Name="ConnectionStateChangeCallback" Value="" />
                        <Var Name="FullGameSave" Value="false" />
                        <Var Name="PlayerLookAtCallback" Value="" />
                        <Var Name="PlayerLookAtCallbackAutoRemove" Value="false" />
                        <Var Name="PlayerInteractCallback" Value="" />
                        <Var Name="PlayerInteractCallbackAutoRemove" Value="false" />
                        <Var Name="Lit" Value="true" />
                        <Var Name="ConnectedLight" Value="" />
                        <Var Name="ConnectionLightAmount" Value="1" />
                        <Var Name="ConnectionLightUseOnColor" Value="true" />
                        <Var Name="ConnectionLightUseSpec" Value="false" />
                    </UserVariables>
                </Entity>
                <Entity Active="true" FileIndex="2" Group="0" ID="1039" Name="torch_floor_7" Rotation="-3.14159 -0.785402 3.14159" Scale="1 1 1" Tag="" WorldPos="6 9 -8">
                    <UserVariables>
                        <Var Name="CastShadows" Value="true" />
                        <Var Name="StaticPhysics" Value="false" />
                        <Var Name="IsAffectedByDecal" Value="false" />
                        <Var Name="CallbackFunc" Value="" />
                        <Var Name="ConnectedProps" Value="" />
                        <Var Name="ConnectionStateChangeCallback" Value="" />
                        <Var Name="FullGameSave" Value="false" />
                        <Var Name="PlayerLookAtCallback" Value="" />
                        <Var Name="PlayerLookAtCallbackAutoRemove" Value="false" />
                        <Var Name="PlayerInteractCallback" Value="" />
                        <Var Name="PlayerInteractCallbackAutoRemove" Value="false" />
                        <Var Name="Lit" Value="true" />
                        <Var Name="ConnectedLight" Value="" />
                        <Var Name="ConnectionLightAmount" Value="1" />
                        <Var Name="ConnectionLightUseOnColor" Value="true" />
                        <Var Name="ConnectionLightUseSpec" Value="false" />
                    </UserVariables>
                </Entity>
                <PointLight Active="true" CastShadows="false" DiffuseColor="0.0615082 0.542969 0.486546 1" FalloffMap="" FlickerActive="false" FlickerFade="false" FlickerOffColor="0 0 0 1" FlickerOffFadeMaxLength="0" FlickerOffFadeMinLength="0" FlickerOffMaxLength="0" FlickerOffMinLength="0" FlickerOffPS="" FlickerOffRadius="0" FlickerOffSound="" FlickerOnFadeMaxLength="0" FlickerOnFadeMinLength="0" FlickerOnMaxLength="0" FlickerOnMinLength="0" FlickerOnPS="" FlickerOnSound="" Gobo="" GoboAnimFrameTime="0" GoboAnimMode="None" Group="0" ID="1053" Name="PointLight_13" Radius="11" Rotation="3.14159 -1.5708 3.14159" Scale="1 1 1" ShadowResolution="High" ShadowsAffectDynamic="true" ShadowsAffectStatic="true" Tag="" WorldPos="4 10.5 -2.25" />
            </Entities>
            <Misc />
            <StaticObjectCombos />
        </MapContents>
    </MapData>
</Level>
