<Level>
    <EditorSession>
        <Performance CamClipPlanes="0.05 1000" LightsActive="true" PSActive="true" ShowFog="true" ShowSkybox="true" WorldReflection="true" />
        <ViewportConfig BGColor="0.2 0.2 0.2 1" GAmbientLight="false" GPointLight="false" GridSnap="true" GridSnapSeparation="0.25" SelectedViewport="3" UsingEnlargedViewport="true">
            <Viewport CameraPosition="0 0 180" CameraTarget="0 0 0" CameraZoom="0" GridHeight="0" GridPlane="2" Preset="0" RenderMode="1" ShowAxes="true" ShowGrid="true" UsingLTCam="true" />
            <Viewport CameraPosition="180 0 0" CameraTarget="0 0 0" CameraZoom="0" GridHeight="0" GridPlane="0" Preset="1" RenderMode="1" ShowAxes="true" ShowGrid="true" UsingLTCam="true" />
            <Viewport CameraPosition="0 180 0" CameraTarget="0 0 0" CameraZoom="0" GridHeight="0" GridPlane="1" Preset="2" RenderMode="1" ShowAxes="true" ShowGrid="true" UsingLTCam="true" />
            <Viewport CameraPosition="1.49804 1.18455 1.57665" CameraTarget="-2.19611 -9.74346e-007 -2.37851" CameraZoom="2.2" GridHeight="0" GridPlane="1" Preset="3" RenderMode="0" ShowAxes="false" ShowGrid="false" UsingLTCam="true" />
        </ViewportConfig>
        <Groups>
            <Group ID="0" Name="None" Visible="true" />
        </Groups>
    </EditorSession>
    <MapData FogActive="false" FogColor="1 1 1 1" FogCulling="true" FogEnd="20" FogFalloffExp="1" FogStart="0" GlobalDecalMaxTris="300" Name="" SkyBoxActive="false" SkyBoxColor="1 1 1 1" SkyBoxTexture="../../../../../../">
        <MapContents>
            <FileIndex_StaticObjects NumOfFiles="14">
                <File Id="0" Path="static_objects/castlebase/wall/door_frame.dae" />
                <File Id="1" Path="static_objects/castlebase/wall/door_way.dae" />
                <File Id="2" Path="static_objects/castlebase/ceiling/corner_concave_round.dae" />
                <File Id="3" Path="static_objects/mansionbase/wall/default02.dae" />
                <File Id="4" Path="static_objects/mansionbase/wall/door_way02.dae" />
                <File Id="5" Path="static_objects/mansionbase/wall/window02_large_blue.dae" />
                <File Id="6" Path="static_objects/mansionbase/wall/welder02_concave.dae" />
                <File Id="7" Path="static_objects/castlebase/wall/corner_concave_round.dae" />
                <File Id="8" Path="static_objects/castlebase/wall/door_way_arched.dae" />
                <File Id="9" Path="static_objects/castlebase/wall/door_frame_arched.dae" />
                <File Id="10" Path="static_objects/castlebase/ceiling/concave.dae" />
                <File Id="11" Path="static_objects/mansionbase/ceiling/concave.dae" />
                <File Id="12" Path="static_objects/mansionbase/ceiling/concave_short.dae" />
                <File Id="13" Path="static_objects/mansionbase/ceiling/corner_concave_short.dae" />
            </FileIndex_StaticObjects>
            <FileIndex_Entities NumOfFiles="3">
                <File Id="0" Path="entities/statues/armour_nice/armour_nice_complete.ent" />
                <File Id="1" Path="Nitelock1FCEdition/entities/lamp/stairwelder_torch_blue.ent" />
                <File Id="2" Path="entities/technical/block_box/block_box.ent" />
            </FileIndex_Entities>
            <FileIndex_Decals NumOfFiles="0" />
            <StaticObjects>
                <StaticObject CastShadows="true" Collides="true" FileIndex="0" Group="0" ID="1" Name="wall_door_frame_1" Rotation="0 -0 0" Scale="1 1 1" Tag="" WorldPos="0 0 -3" />
                <StaticObject CastShadows="true" Collides="true" FileIndex="1" Group="0" ID="39" Name="wall_door_way_1" Rotation="0 -0 0" Scale="1 1 1" Tag="" WorldPos="0 0 -3" />
                <StaticObject CastShadows="true" Collides="true" FileIndex="3" Group="0" ID="42" Name="wall_default02_1" Rotation="3.14159 8.74228e-008 3.14159" Scale="1 1 1" Tag="" WorldPos="4 0 -3" />
                <StaticObject CastShadows="true" Collides="true" FileIndex="3" Group="0" ID="43" Name="wall_default02_2" Rotation="3.14159 8.74228e-008 3.14159" Scale="1 1 1" Tag="" WorldPos="-4 0 -3" />
                <StaticObject CastShadows="true" Collides="true" FileIndex="4" Group="0" ID="44" Name="wall_door_way02_1" Rotation="3.14159 8.74228e-008 3.14159" Scale="1 1 1" Tag="" WorldPos="0 0 -3" />
                <StaticObject CastShadows="true" Collides="true" FileIndex="3" Group="0" ID="45" Name="wall_default02_3" Rotation="3.14159 -1.5708 3.14159" Scale="1 1 1" Tag="" WorldPos="6 0 -5" />
                <StaticObject CastShadows="true" Collides="true" FileIndex="3" Group="0" ID="46" Name="wall_default02_4" Rotation="3.14159 -1.5708 3.14159" Scale="1 1 1" Tag="" WorldPos="6 0 -9" />
                <StaticObject CastShadows="true" Collides="true" FileIndex="3" Group="0" ID="47" Name="wall_default02_5" Rotation="0 -0 0" Scale="1 1 1" Tag="" WorldPos="4 0 -11" />
                <StaticObject CastShadows="true" Collides="true" FileIndex="3" Group="0" ID="48" Name="wall_default02_6" Rotation="0 -0 0" Scale="1 1 1" Tag="" WorldPos="-4 0 -11" />
                <StaticObject CastShadows="true" Collides="true" FileIndex="5" Group="0" ID="49" Name="wall_window02_large_blue_1" Rotation="0 0 0" Scale="1 1 1" Tag="" WorldPos="0 0 -11" />
                <StaticObject CastShadows="true" Collides="true" FileIndex="6" Group="0" ID="50" Name="wall_welder02_concave_1" Rotation="3.14159 -1.5708 3.14159" Scale="1 1 1" Tag="" WorldPos="6 0 -11" />
                <StaticObject CastShadows="true" Collides="true" FileIndex="6" Group="0" ID="51" Name="wall_welder02_concave_2" Rotation="0 -2.14577e-006 2.38419e-007" Scale="1 1 1" Tag="" WorldPos="-6 0 -11" />
                <StaticObject CastShadows="true" Collides="true" FileIndex="3" Group="0" ID="52" Name="wall_default02_7" Rotation="-0.0194842 1.5708 -0.0194843" Scale="1 1 1" Tag="" WorldPos="-6.00001 1.74845e-007 -5" />
                <StaticObject CastShadows="true" Collides="true" FileIndex="3" Group="0" ID="53" Name="wall_default02_8" Rotation="-0.0194842 1.5708 -0.0194843" Scale="1 1 1" Tag="" WorldPos="-5.99999 -1.74845e-007 -9" />
                <StaticObject CastShadows="true" Collides="true" FileIndex="7" Group="0" ID="56" Name="wall_corner_concave_round_1" Rotation="0 -0 0" Scale="1 1 1" Tag="" WorldPos="4 0 -1" />
                <StaticObject CastShadows="true" Collides="true" FileIndex="7" Group="0" ID="57" Name="wall_corner_concave_round_2" Rotation="0 1.5708 0" Scale="1 1 1" Tag="" WorldPos="-4 0 -1" />
                <StaticObject CastShadows="true" Collides="true" FileIndex="7" Group="0" ID="58" Name="wall_corner_concave_round_3" Rotation="3.14159 -8.74228e-008 3.14159" Scale="1 1 1" Tag="" WorldPos="-4 0 3" />
                <StaticObject CastShadows="true" Collides="true" FileIndex="7" Group="0" ID="59" Name="wall_corner_concave_round_4" Rotation="3.14159 -1.5708 3.14159" Scale="1 1 1" Tag="" WorldPos="4 0 3" />
                <StaticObject CastShadows="true" Collides="true" FileIndex="8" Group="0" ID="60" Name="wall_door_way_arched_1" Rotation="3.14159 8.74228e-008 3.14159" Scale="1 1 1" Tag="" WorldPos="0 0 5" />
                <StaticObject CastShadows="true" Collides="true" FileIndex="9" Group="0" ID="61" Name="wall_door_frame_arched_1" Rotation="3.14159 8.74228e-008 3.14159" Scale="1 1 1" Tag="" WorldPos="0 0 5" />
                <StaticObject CastShadows="true" Collides="true" FileIndex="10" Group="0" ID="62" Name="ceiling_concave_1" Rotation="0 -0 0" Scale="1 1 1" Tag="" WorldPos="0 4 -3" />
                <StaticObject CastShadows="true" Collides="true" FileIndex="2" Group="0" ID="63" Name="ceiling_corner_concave_round_1" Rotation="0 -0 0" Scale="1 1 1" Tag="" WorldPos="4 4 -1" />
                <StaticObject CastShadows="true" Collides="true" FileIndex="2" Group="0" ID="64" Name="ceiling_corner_concave_round_2" Rotation="3.14159 1.5708 3.14159" Scale="1 1 1" Tag="" WorldPos="-4 4 -1" />
                <StaticObject CastShadows="true" Collides="true" FileIndex="2" Group="0" ID="66" Name="ceiling_corner_concave_round_3" Rotation="-0.0198715 -1.5708 0.0198716" Scale="1 1 1" Tag="" WorldPos="4 4 2.99998" />
                <StaticObject CastShadows="true" Collides="true" FileIndex="10" Group="0" ID="67" Name="ceiling_concave_2" Rotation="-3.14159 -4.44253e-006 -3.14159" Scale="1 1 1" Tag="" WorldPos="4.44253e-006 4 5" />
                <StaticObject CastShadows="true" Collides="true" FileIndex="2" Group="0" ID="68" Name="ceiling_corner_concave_round_4" Rotation="-3.14159 -4.44253e-006 -3.14159" Scale="1 1 1" Tag="" WorldPos="-4 4 3.00002" />
                <StaticObject CastShadows="true" Collides="true" FileIndex="6" Group="0" ID="73" Name="wall_welder02_concave_3" Rotation="0 1.5708 2.38419e-007" Scale="1 1 1" Tag="" WorldPos="-6 0 -3" />
                <StaticObject CastShadows="true" Collides="true" FileIndex="6" Group="0" ID="74" Name="wall_welder02_concave_4" Rotation="-3.14159 2.17557e-006 -3.14159" Scale="1 1 1" Tag="" WorldPos="6 0 -3" />
                <StaticObject CastShadows="true" Collides="true" FileIndex="11" Group="0" ID="76" Name="ceiling_concave_3" Rotation="0 -0 0" Scale="1 1 1" Tag="" WorldPos="0 4 -11" />
                <StaticObject CastShadows="true" Collides="true" FileIndex="12" Group="0" ID="79" Name="ceiling_concave_short_1" Rotation="0 -0 0" Scale="1 1 1" Tag="" WorldPos="-3 4 -11" />
                <StaticObject CastShadows="true" Collides="true" FileIndex="12" Group="0" ID="80" Name="ceiling_concave_short_2" Rotation="0 -0 0" Scale="1 1 1" Tag="" WorldPos="3 4 -11" />
                <StaticObject CastShadows="true" Collides="true" FileIndex="12" Group="0" ID="82" Name="ceiling_concave_short_3" Rotation="-3.14159 4.44253e-006 -3.14159" Scale="1 1 1" Tag="" WorldPos="-3 4 -3.00001" />
                <StaticObject CastShadows="true" Collides="true" FileIndex="11" Group="0" ID="83" Name="ceiling_concave_4" Rotation="-3.14159 4.44253e-006 -3.14159" Scale="1 1 1" Tag="" WorldPos="0 4 -3" />
                <StaticObject CastShadows="true" Collides="true" FileIndex="12" Group="0" ID="84" Name="ceiling_concave_short_4" Rotation="-3.14159 4.44253e-006 -3.14159" Scale="1 1 1" Tag="" WorldPos="3 4 -2.99999" />
                <StaticObject CastShadows="true" Collides="true" FileIndex="13" Group="0" ID="86" Name="ceiling_corner_concave_short_1" Rotation="0 -0 0" Scale="1 1 1" Tag="" WorldPos="-6 4 -11" />
                <StaticObject CastShadows="true" Collides="true" FileIndex="13" Group="0" ID="87" Name="ceiling_corner_concave_short_2" Rotation="3.14159 -1.5708 3.14159" Scale="1 1 1" Tag="" WorldPos="6 4 -11" />
                <StaticObject CastShadows="true" Collides="true" FileIndex="13" Group="0" ID="89" Name="ceiling_corner_concave_short_3" Rotation="-0.0198714 1.5708 -0.0198714" Scale="1 1 1" Tag="" WorldPos="-6 4 -3.00003" />
                <StaticObject CastShadows="true" Collides="true" FileIndex="13" Group="0" ID="90" Name="ceiling_corner_concave_short_4" Rotation="-3.14159 4.44253e-006 -3.14159" Scale="1 1 1" Tag="" WorldPos="6 4 -2.99997" />
                <StaticObject CastShadows="true" Collides="true" FileIndex="11" Group="0" ID="92" Name="ceiling_concave_5" Rotation="0 1.5708 0" Scale="1 1 1" Tag="" WorldPos="-6 4 -7" />
                <StaticObject CastShadows="true" Collides="true" FileIndex="11" Group="0" ID="93" Name="ceiling_concave_6" Rotation="3.14159 -1.5708 3.14159" Scale="1 1 1" Tag="" WorldPos="6 4 -7" />
            </StaticObjects>
            <Primitives>
                <Plane Active="true" AlignToWorldCoords="false" CastShadows="false" Collides="true" Corner1UV="0 8" Corner2UV="0 0" Corner3UV="12 0" Corner4UV="12 8" EndCorner="12 0 8" Group="0" ID="0" Material="C:/Program Files (x86)/Steam/steamapps/common/Amnesia The Dark Descent/static_objects/castlebase/castlebase_tiledfloor.mat" Name="Plane" Rotation="0 0 0" Scale="1 1 1" StartCorner="0 0 0" Tag="" TextureAngle="0" TileAmount="1 1 1" TileOffset="0 0 0" WorldPos="-6 0 -3" />
                <Plane Active="true" AlignToWorldCoords="false" CastShadows="false" Collides="true" Corner1UV="0 8" Corner2UV="0 0" Corner3UV="12 0" Corner4UV="12 8" EndCorner="12 0 8" Group="0" ID="15" Material="C:/Program Files (x86)/Steam/steamapps/common/Amnesia The Dark Descent/static_objects/mansionbase/floor/mansionbase_floor.mat" Name="Plane_1" Rotation="3.14159 -4.44253e-006 3.14159" Scale="1 1 1" StartCorner="0 0 0" Tag="" TextureAngle="0" TileAmount="1 1 1" TileOffset="0 0 0" WorldPos="6 0 -3" />
                <Plane Active="true" AlignToWorldCoords="false" CastShadows="false" Collides="true" Corner1UV="0 4" Corner2UV="0 0" Corner3UV="8 0" Corner4UV="8 4" EndCorner="8 0 4" Group="0" ID="71" Material="C:/Program Files (x86)/Steam/steamapps/common/Amnesia The Dark Descent/static_objects/castlebase/castlebase_ceiling02.mat" Name="Plane_3" Rotation="-3.14159 0 0" Scale="1 1 1" StartCorner="0 0 0" Tag="" TextureAngle="0" TileAmount="1 1 1" TileOffset="0 0 0" WorldPos="-4 6 3" />
                <Plane Active="true" AlignToWorldCoords="false" CastShadows="false" Collides="true" Corner1UV="0 4" Corner2UV="0 0" Corner3UV="8 0" Corner4UV="8 4" EndCorner="8 0 4" Group="0" ID="94" Material="C:/Program Files (x86)/Steam/steamapps/common/Amnesia The Dark Descent/static_objects/mansionbase/ceiling/mansionbase_ceiling.mat" Name="Plane_2" Rotation="-4.29153e-006 -4.44253e-006 -3.14159" Scale="1 1 1" StartCorner="0 0 0" Tag="" TextureAngle="0" TileAmount="1 1 1" TileOffset="0 0 0" WorldPos="4 6 -9" />
            </Primitives>
            <Decals />
            <Entities>
                <Entity Active="true" FileIndex="0" Group="0" ID="3" Name="armour_nice_complete_1" Rotation="0 0 0" Scale="1 1 1" Tag="" WorldPos="2.25 0 -2.75">
                    <UserVariables>
                        <Var Name="CastShadows" Value="true" />
                        <Var Name="StaticPhysics" Value="true" />
                        <Var Name="IsAffectedByDecal" Value="false" />
                        <Var Name="CallbackFunc" Value="" />
                        <Var Name="ConnectedProps" Value="" />
                        <Var Name="ConnectionStateChangeCallback" Value="" />
                        <Var Name="FullGameSave" Value="false" />
                        <Var Name="PlayerLookAtCallback" Value="" />
                        <Var Name="PlayerLookAtCallbackAutoRemove" Value="false" />
                        <Var Name="PlayerInteractCallback" Value="" />
                        <Var Name="PlayerInteractCallbackAutoRemove" Value="false" />
                        <Var Name="ContainedItem" Value="None" />
                        <Var Name="DisableBreakable" Value="false" />
                        <Var Name="IsInsanityVision" Value="false" />
                        <Var Name="VisionMaxSanity" Value="30" />
                    </UserVariables>
                </Entity>
                <Entity Active="true" FileIndex="0" Group="0" ID="4" Name="armour_nice_complete_2" Rotation="0 0 0" Scale="1 1 1" Tag="" WorldPos="-2.25 0 -2.75">
                    <UserVariables>
                        <Var Name="CastShadows" Value="true" />
                        <Var Name="StaticPhysics" Value="true" />
                        <Var Name="IsAffectedByDecal" Value="false" />
                        <Var Name="CallbackFunc" Value="" />
                        <Var Name="ConnectedProps" Value="" />
                        <Var Name="ConnectionStateChangeCallback" Value="" />
                        <Var Name="FullGameSave" Value="false" />
                        <Var Name="PlayerLookAtCallback" Value="" />
                        <Var Name="PlayerLookAtCallbackAutoRemove" Value="false" />
                        <Var Name="PlayerInteractCallback" Value="" />
                        <Var Name="PlayerInteractCallbackAutoRemove" Value="false" />
                        <Var Name="ContainedItem" Value="None" />
                        <Var Name="DisableBreakable" Value="false" />
                        <Var Name="IsInsanityVision" Value="false" />
                        <Var Name="VisionMaxSanity" Value="30" />
                    </UserVariables>
                </Entity>
                <PointLight Active="true" CastShadows="false" DiffuseColor="0 0.5 1 1" FalloffMap="" FlickerActive="false" FlickerFade="false" FlickerOffColor="0 0 0 1" FlickerOffFadeMaxLength="0" FlickerOffFadeMinLength="0" FlickerOffMaxLength="0" FlickerOffMinLength="0" FlickerOffPS="" FlickerOffRadius="0" FlickerOffSound="" FlickerOnFadeMaxLength="0" FlickerOnFadeMinLength="0" FlickerOnMaxLength="0" FlickerOnMinLength="0" FlickerOnPS="" FlickerOnSound="" Gobo="" GoboAnimFrameTime="0" GoboAnimMode="None" Group="0" ID="8" Name="PointLight_1" Radius="2.5" Rotation="0 0 0" Scale="1 1 1" ShadowResolution="High" ShadowsAffectDynamic="true" ShadowsAffectStatic="true" Tag="" WorldPos="0 1.75 -3" />
                <Entity Active="true" FileIndex="1" Group="0" ID="13" Name="stairwelder_torch_1" Rotation="0 0 0" Scale="1 1 1" Tag="" WorldPos="-2.25 -2.75 -1.75">
                    <UserVariables>
                        <Var Name="CastShadows" Value="true" />
                        <Var Name="StaticPhysics" Value="false" />
                        <Var Name="IsAffectedByDecal" Value="false" />
                        <Var Name="CallbackFunc" Value="" />
                        <Var Name="ConnectedProps" Value="" />
                        <Var Name="ConnectionStateChangeCallback" Value="" />
                        <Var Name="FullGameSave" Value="false" />
                        <Var Name="PlayerLookAtCallback" Value="" />
                        <Var Name="PlayerLookAtCallbackAutoRemove" Value="false" />
                        <Var Name="PlayerInteractCallback" Value="" />
                        <Var Name="PlayerInteractCallbackAutoRemove" Value="false" />
                        <Var Name="Lit" Value="true" />
                        <Var Name="ConnectedLight" Value="" />
                        <Var Name="ConnectionLightAmount" Value="1" />
                        <Var Name="ConnectionLightUseOnColor" Value="true" />
                        <Var Name="ConnectionLightUseSpec" Value="false" />
                    </UserVariables>
                </Entity>
                <Entity Active="true" FileIndex="1" Group="0" ID="14" Name="stairwelder_torch_2" Rotation="0 0 0" Scale="1 1 1" Tag="" WorldPos="2.25 -2.75 -1.75">
                    <UserVariables>
                        <Var Name="CastShadows" Value="true" />
                        <Var Name="StaticPhysics" Value="false" />
                        <Var Name="IsAffectedByDecal" Value="false" />
                        <Var Name="CallbackFunc" Value="" />
                        <Var Name="ConnectedProps" Value="" />
                        <Var Name="ConnectionStateChangeCallback" Value="" />
                        <Var Name="FullGameSave" Value="false" />
                        <Var Name="PlayerLookAtCallback" Value="" />
                        <Var Name="PlayerLookAtCallbackAutoRemove" Value="false" />
                        <Var Name="PlayerInteractCallback" Value="" />
                        <Var Name="PlayerInteractCallbackAutoRemove" Value="false" />
                        <Var Name="Lit" Value="true" />
                        <Var Name="ConnectedLight" Value="" />
                        <Var Name="ConnectionLightAmount" Value="1" />
                        <Var Name="ConnectionLightUseOnColor" Value="true" />
                        <Var Name="ConnectionLightUseSpec" Value="false" />
                    </UserVariables>
                </Entity>
                <ParticleSystem Active="true" Color="1 1 1 1" FadeAtDistance="true" File="C:/Program Files (x86)/Steam/steamapps/common/Amnesia The Dark Descent/particles/ps_orb_light.ps" Group="0" ID="30" MaxFadeDistanceEnd="110" MaxFadeDistanceStart="100" MinFadeDistanceEnd="1" MinFadeDistanceStart="2" Name="ParticleSystem_6" Rotation="0 0 0" Scale="1 1 1" Tag="" WorldPos="-0.25 1.75 -3" />
                <PointLight Active="true" CastShadows="false" DiffuseColor="0 0.5 1 1" FalloffMap="" FlickerActive="false" FlickerFade="false" FlickerOffColor="0 0 0 1" FlickerOffFadeMaxLength="0" FlickerOffFadeMinLength="0" FlickerOffMaxLength="0" FlickerOffMinLength="0" FlickerOffPS="" FlickerOffRadius="0" FlickerOffSound="" FlickerOnFadeMaxLength="0" FlickerOnFadeMinLength="0" FlickerOnMaxLength="0" FlickerOnMinLength="0" FlickerOnPS="" FlickerOnSound="" Gobo="" GoboAnimFrameTime="0" GoboAnimMode="None" Group="0" ID="72" Name="PointLight_2" Radius="6" Rotation="0 0 0" Scale="1 1 1" ShadowResolution="High" ShadowsAffectDynamic="true" ShadowsAffectStatic="true" Tag="" WorldPos="0 2 -11" />
                <ParticleSystem Active="true" Color="1 1 1 1" FadeAtDistance="true" File="ps_light_dust_large.ps" Group="0" ID="75" MaxFadeDistanceEnd="110" MaxFadeDistanceStart="100" MinFadeDistanceEnd="1" MinFadeDistanceStart="2" Name="ParticleSystem_11" Rotation="0 0 0" Scale="1 1 1" Tag="" WorldPos="0 1.5 -8.75" />
                <SpotLight Active="true" Aspect="1" CastShadows="true" DiffuseColor="0 0.5 1 1" FOV="1.0472" FalloffMap="" FlickerActive="false" FlickerFade="false" FlickerOffColor="0 0 0 1" FlickerOffFadeMaxLength="0" FlickerOffFadeMinLength="0" FlickerOffMaxLength="0" FlickerOffMinLength="0" FlickerOffPS="" FlickerOffRadius="0" FlickerOffSound="" FlickerOnFadeMaxLength="0" FlickerOnFadeMinLength="0" FlickerOnMaxLength="0" FlickerOnMinLength="0" FlickerOnPS="" FlickerOnSound="" Gobo="C:/Program Files (x86)/Steam/steamapps/common/Amnesia The Dark Descent/lights/gobo_mansionbase_window02_large.dds" GoboAnimFrameTime="0" GoboAnimMode="None" Group="0" ID="95" Name="SpotLight_1" NearClipPlane="0.1" Radius="8" Rotation="2.3562 -4.44253e-006 -3.14159" Scale="1 1 1" ShadowResolution="High" ShadowsAffectDynamic="true" ShadowsAffectStatic="true" SpotFalloffMap="" Tag="" WorldPos="0 2 -11" />
                <PointLight Active="true" CastShadows="false" DiffuseColor="0 0.5 1 1" FalloffMap="" FlickerActive="false" FlickerFade="false" FlickerOffColor="0 0 0 1" FlickerOffFadeMaxLength="0" FlickerOffFadeMinLength="0" FlickerOffMaxLength="0" FlickerOffMinLength="0" FlickerOffPS="" FlickerOffRadius="0" FlickerOffSound="" FlickerOnFadeMaxLength="0" FlickerOnFadeMinLength="0" FlickerOnMaxLength="0" FlickerOnMinLength="0" FlickerOnPS="" FlickerOnSound="" Gobo="" GoboAnimFrameTime="0" GoboAnimMode="None" Group="0" ID="96" Name="PointLight_3" Radius="4" Rotation="0 0 0" Scale="1 1 1" ShadowResolution="High" ShadowsAffectDynamic="true" ShadowsAffectStatic="true" Tag="" WorldPos="-3 2 -8" />
                <Area Active="true" AreaType="PlayerStart" Group="0" ID="103" Mesh="" Name="PlayerStartPos_1" Rotation="3.14159 4.44253e-006 3.14159" Scale="1 1 1" Tag="" WorldPos="0 0 4">
                    <UserVariables />
                </Area>
                <SpotLight Active="true" Aspect="1" CastShadows="true" DiffuseColor="0 0.5 1 1" FOV="0.523599" FalloffMap="" FlickerActive="false" FlickerFade="false" FlickerOffColor="0 0 0 1" FlickerOffFadeMaxLength="0" FlickerOffFadeMinLength="0" FlickerOffMaxLength="0" FlickerOffMinLength="0" FlickerOffPS="" FlickerOffRadius="0" FlickerOffSound="" FlickerOnFadeMaxLength="0" FlickerOnFadeMinLength="0" FlickerOnMaxLength="0" FlickerOnMinLength="0" FlickerOnPS="" FlickerOnSound="" Gobo="" GoboAnimFrameTime="0" GoboAnimMode="None" Group="0" ID="104" Name="SpotLight_2" NearClipPlane="0.1" Radius="16" Rotation="-3.14159 -4.44253e-006 -3.14159" Scale="1 1 1" ShadowResolution="High" ShadowsAffectDynamic="true" ShadowsAffectStatic="true" SpotFalloffMap="" Tag="" WorldPos="0 1.75 -3" />
                <PointLight Active="true" CastShadows="false" DiffuseColor="0 0.5 1 1" FalloffMap="" FlickerActive="false" FlickerFade="false" FlickerOffColor="0 0 0 1" FlickerOffFadeMaxLength="0" FlickerOffFadeMinLength="0" FlickerOffMaxLength="0" FlickerOffMinLength="0" FlickerOffPS="" FlickerOffRadius="0" FlickerOffSound="" FlickerOnFadeMaxLength="0" FlickerOnFadeMinLength="0" FlickerOnMaxLength="0" FlickerOnMinLength="0" FlickerOnPS="" FlickerOnSound="" Gobo="" GoboAnimFrameTime="0" GoboAnimMode="None" Group="0" ID="105" Name="PointLight_4" Radius="4" Rotation="0 0 0" Scale="1 1 1" ShadowResolution="High" ShadowsAffectDynamic="true" ShadowsAffectStatic="true" Tag="" WorldPos="3 2 -8" />
                <PointLight Active="true" CastShadows="false" DiffuseColor="0 0.5 1 1" FalloffMap="" FlickerActive="false" FlickerFade="false" FlickerOffColor="0 0 0 1" FlickerOffFadeMaxLength="0" FlickerOffFadeMinLength="0" FlickerOffMaxLength="0" FlickerOffMinLength="0" FlickerOffPS="" FlickerOffRadius="0" FlickerOffSound="" FlickerOnFadeMaxLength="0" FlickerOnFadeMinLength="0" FlickerOnMaxLength="0" FlickerOnMinLength="0" FlickerOnPS="" FlickerOnSound="" Gobo="" GoboAnimFrameTime="0" GoboAnimMode="None" Group="0" ID="106" Name="PointLight_5" Radius="4" Rotation="0 0 0" Scale="1 1 1" ShadowResolution="High" ShadowsAffectDynamic="true" ShadowsAffectStatic="true" Tag="" WorldPos="3 2 -6" />
                <PointLight Active="true" CastShadows="false" DiffuseColor="0 0.5 1 1" FalloffMap="" FlickerActive="false" FlickerFade="false" FlickerOffColor="0 0 0 1" FlickerOffFadeMaxLength="0" FlickerOffFadeMinLength="0" FlickerOffMaxLength="0" FlickerOffMinLength="0" FlickerOffPS="" FlickerOffRadius="0" FlickerOffSound="" FlickerOnFadeMaxLength="0" FlickerOnFadeMinLength="0" FlickerOnMaxLength="0" FlickerOnMinLength="0" FlickerOnPS="" FlickerOnSound="" Gobo="" GoboAnimFrameTime="0" GoboAnimMode="None" Group="0" ID="107" Name="PointLight_6" Radius="4" Rotation="0 0 0" Scale="1 1 1" ShadowResolution="High" ShadowsAffectDynamic="true" ShadowsAffectStatic="true" Tag="" WorldPos="-3 2 -6" />
                <ParticleSystem Active="true" Color="1 1 1 1" FadeAtDistance="true" File="C:/Program Files (x86)/Steam/steamapps/common/Amnesia The Dark Descent/particles/ps_orb_light.ps" Group="0" ID="112" MaxFadeDistanceEnd="110" MaxFadeDistanceStart="100" MinFadeDistanceEnd="1" MinFadeDistanceStart="2" Name="ParticleSystem_7" Rotation="0 0 0" Scale="1 1 1" Tag="" WorldPos="0.25 1.75 -3" />
                <ParticleSystem Active="true" Color="1 1 1 1" FadeAtDistance="true" File="C:/Program Files (x86)/Steam/steamapps/common/Amnesia The Dark Descent/particles/ps_orb_light.ps" Group="0" ID="113" MaxFadeDistanceEnd="110" MaxFadeDistanceStart="100" MinFadeDistanceEnd="1" MinFadeDistanceStart="2" Name="ParticleSystem_8" Rotation="0 0 0" Scale="1 1 1" Tag="" WorldPos="0 1.5 -3" />
                <ParticleSystem Active="true" Color="1 1 1 1" FadeAtDistance="true" File="C:/Program Files (x86)/Steam/steamapps/common/Amnesia The Dark Descent/particles/ps_orb_light.ps" Group="0" ID="114" MaxFadeDistanceEnd="110" MaxFadeDistanceStart="100" MinFadeDistanceEnd="1" MinFadeDistanceStart="2" Name="ParticleSystem_9" Rotation="0 0 0" Scale="1 1 1" Tag="" WorldPos="0 2 -3" />
                <ParticleSystem Active="true" Color="1 1 1 1" FadeAtDistance="true" File="C:/Program Files (x86)/Steam/steamapps/common/Amnesia The Dark Descent/particles/ps_orb_light.ps" Group="0" ID="115" MaxFadeDistanceEnd="110" MaxFadeDistanceStart="100" MinFadeDistanceEnd="1" MinFadeDistanceStart="2" Name="ParticleSystem_10" Rotation="0 0 0" Scale="1 1 1" Tag="" WorldPos="0.75 2.75 -3" />
                <ParticleSystem Active="true" Color="1 1 1 1" FadeAtDistance="true" File="C:/Program Files (x86)/Steam/steamapps/common/Amnesia The Dark Descent/particles/ps_orb_light.ps" Group="0" ID="116" MaxFadeDistanceEnd="110" MaxFadeDistanceStart="100" MinFadeDistanceEnd="1" MinFadeDistanceStart="2" Name="ParticleSystem_12" Rotation="0 0 0" Scale="1 1 1" Tag="" WorldPos="-0.75 2.75 -3" />
                <ParticleSystem Active="true" Color="1 1 1 1" FadeAtDistance="true" File="C:/Program Files (x86)/Steam/steamapps/common/Amnesia The Dark Descent/particles/ps_orb_light.ps" Group="0" ID="117" MaxFadeDistanceEnd="110" MaxFadeDistanceStart="100" MinFadeDistanceEnd="1" MinFadeDistanceStart="2" Name="ParticleSystem_13" Rotation="0 0 0" Scale="1 1 1" Tag="" WorldPos="-0.75 0.25 -3" />
                <ParticleSystem Active="true" Color="1 1 1 1" FadeAtDistance="true" File="C:/Program Files (x86)/Steam/steamapps/common/Amnesia The Dark Descent/particles/ps_orb_light.ps" Group="0" ID="118" MaxFadeDistanceEnd="110" MaxFadeDistanceStart="100" MinFadeDistanceEnd="1" MinFadeDistanceStart="2" Name="ParticleSystem_14" Rotation="0 0 0" Scale="1 1 1" Tag="" WorldPos="0.75 0.25 -3" />
                <Entity Active="true" FileIndex="2" Group="0" ID="121" Name="block_box_1" Rotation="0 0 0" Scale="1.75 2.75 1" Tag="" WorldPos="0 1.5 5">
                    <UserVariables>
                        <Var Name="CastShadows" Value="true" />
                        <Var Name="StaticPhysics" Value="false" />
                        <Var Name="IsAffectedByDecal" Value="false" />
                        <Var Name="CallbackFunc" Value="" />
                        <Var Name="ConnectedProps" Value="" />
                        <Var Name="ConnectionStateChangeCallback" Value="" />
                        <Var Name="FullGameSave" Value="false" />
                        <Var Name="PlayerLookAtCallback" Value="" />
                        <Var Name="PlayerLookAtCallbackAutoRemove" Value="false" />
                        <Var Name="PlayerInteractCallback" Value="" />
                        <Var Name="PlayerInteractCallbackAutoRemove" Value="false" />
                        <Var Name="ContainedItem" Value="None" />
                        <Var Name="DisableBreakable" Value="false" />
                        <Var Name="IsInsanityVision" Value="false" />
                        <Var Name="VisionMaxSanity" Value="30" />
                    </UserVariables>
                </Entity>
                <SpotLight Active="true" Aspect="1" CastShadows="true" DiffuseColor="0 0.5 1 1" FOV="0.523599" FalloffMap="" FlickerActive="false" FlickerFade="false" FlickerOffColor="0 0 0 1" FlickerOffFadeMaxLength="0" FlickerOffFadeMinLength="0" FlickerOffMaxLength="0" FlickerOffMinLength="0" FlickerOffPS="" FlickerOffRadius="0" FlickerOffSound="" FlickerOnFadeMaxLength="0" FlickerOnFadeMinLength="0" FlickerOnMaxLength="0" FlickerOnMinLength="0" FlickerOnPS="" FlickerOnSound="" Gobo="" GoboAnimFrameTime="0" GoboAnimMode="None" Group="0" ID="122" Name="SpotLight_3" NearClipPlane="0.1" Radius="16" Rotation="-3.14159 -0.523602 -3.14159" Scale="1 1 1" ShadowResolution="High" ShadowsAffectDynamic="true" ShadowsAffectStatic="true" SpotFalloffMap="" Tag="" WorldPos="0 1.75 -3" />
                <SpotLight Active="true" Aspect="1" CastShadows="true" DiffuseColor="0 0.5 1 1" FOV="0.523599" FalloffMap="" FlickerActive="false" FlickerFade="false" FlickerOffColor="0 0 0 1" FlickerOffFadeMaxLength="0" FlickerOffFadeMinLength="0" FlickerOffMaxLength="0" FlickerOffMinLength="0" FlickerOffPS="" FlickerOffRadius="0" FlickerOffSound="" FlickerOnFadeMaxLength="0" FlickerOnFadeMinLength="0" FlickerOnMaxLength="0" FlickerOnMinLength="0" FlickerOnPS="" FlickerOnSound="" Gobo="" GoboAnimFrameTime="0" GoboAnimMode="None" Group="0" ID="123" Name="SpotLight_4" NearClipPlane="0.1" Radius="16" Rotation="-3.14159 0.523594 -3.14159" Scale="1 1 1" ShadowResolution="High" ShadowsAffectDynamic="true" ShadowsAffectStatic="true" SpotFalloffMap="" Tag="" WorldPos="0 1.75 -3" />
                <SpotLight Active="true" Aspect="1" CastShadows="true" DiffuseColor="0 0.5 1 1" FOV="0.523599" FalloffMap="" FlickerActive="false" FlickerFade="false" FlickerOffColor="0 0 0 1" FlickerOffFadeMaxLength="0" FlickerOffFadeMinLength="0" FlickerOffMaxLength="0" FlickerOffMinLength="0" FlickerOffPS="" FlickerOffRadius="0" FlickerOffSound="" FlickerOnFadeMaxLength="0" FlickerOnFadeMinLength="0" FlickerOnMaxLength="0" FlickerOnMinLength="0" FlickerOnPS="" FlickerOnSound="" Gobo="" GoboAnimFrameTime="0" GoboAnimMode="None" Group="0" ID="124" Name="SpotLight_5" NearClipPlane="0.1" Radius="16" Rotation="-3.14159 0.261795 -3.14159" Scale="1 1 1" ShadowResolution="High" ShadowsAffectDynamic="true" ShadowsAffectStatic="true" SpotFalloffMap="" Tag="" WorldPos="0 1.75 -3" />
                <SpotLight Active="true" Aspect="1" CastShadows="true" DiffuseColor="0 0.5 1 1" FOV="0.523599" FalloffMap="" FlickerActive="false" FlickerFade="false" FlickerOffColor="0 0 0 1" FlickerOffFadeMaxLength="0" FlickerOffFadeMinLength="0" FlickerOffMaxLength="0" FlickerOffMinLength="0" FlickerOffPS="" FlickerOffRadius="0" FlickerOffSound="" FlickerOnFadeMaxLength="0" FlickerOnFadeMinLength="0" FlickerOnMaxLength="0" FlickerOnMinLength="0" FlickerOnPS="" FlickerOnSound="" Gobo="" GoboAnimFrameTime="0" GoboAnimMode="None" Group="0" ID="125" Name="SpotLight_6" NearClipPlane="0.1" Radius="16" Rotation="-3.14159 -0.261803 -3.14159" Scale="1 1 1" ShadowResolution="High" ShadowsAffectDynamic="true" ShadowsAffectStatic="true" SpotFalloffMap="" Tag="" WorldPos="0 1.75 -3" />
                <Area Active="true" AreaType="Script" Group="0" ID="126" Mesh="" Name="TeleporterAreaRoom2" Rotation="0 0 0" Scale="2 3 0.5" Tag="" WorldPos="0 1.5 -2.75">
                    <UserVariables>
                        <Var Name="PlayerLookAtCallback" Value="" />
                        <Var Name="PlayerLookAtCallbackAutoRemove" Value="true" />
                        <Var Name="PlayerInteractCallback" Value="" />
                        <Var Name="PlayerInteractCallbackAutoRemove" Value="false" />
                        <Var Name="ItemInteraction" Value="false" />
                        <Var Name="MaxFocusDistance" Value="-1" />
                    </UserVariables>
                </Area>
                <Area Active="true" AreaType="PlayerStart" Group="0" ID="127" Mesh="" Name="PlayerStartPos_2" Rotation="3.14159 4.44253e-006 3.14159" Scale="1 1 1" Tag="" WorldPos="0 0 -4.25">
                    <UserVariables />
                </Area>
                <Area Active="true" AreaType="Script" Group="0" ID="128" Mesh="" Name="TeleporterAreaRoom1" Rotation="0 0 0" Scale="2 3 0.5" Tag="" WorldPos="0 1.5 -3.25">
                    <UserVariables>
                        <Var Name="PlayerLookAtCallback" Value="" />
                        <Var Name="PlayerLookAtCallbackAutoRemove" Value="true" />
                        <Var Name="PlayerInteractCallback" Value="" />
                        <Var Name="PlayerInteractCallbackAutoRemove" Value="false" />
                        <Var Name="ItemInteraction" Value="false" />
                        <Var Name="MaxFocusDistance" Value="-1" />
                    </UserVariables>
                </Area>
                <Area Active="true" AreaType="PlayerStart" Group="0" ID="131" Mesh="" Name="PlayerStartPos_3" Rotation="2.6226e-006 8.88109e-006 -2.6226e-006" Scale="1 1 1" Tag="" WorldPos="0 0 -1.75">
                    <UserVariables />
                </Area>
                <Sound Active="true" Group="0" ID="132" MaxDistance="10" MinDistance="5" Name="Sound_1" Rotation="0 0 0" Scale="1 1 1" SoundEntityFile="../../../../../../../../../../../../sounds/29/29_hole_opened02.snt" Tag="" UseDefault="true" Volume="1" WorldPos="0 1.75 -3" />
                <Sound Active="true" Group="0" ID="133" MaxDistance="10" MinDistance="5" Name="Sound_2" Rotation="0 0 0" Scale="1 1 1" SoundEntityFile="../../../../../../../../../../../../sounds/03/03_wind.snt" Tag="" UseDefault="true" Volume="1" WorldPos="0 1.75 -7.5" />
            </Entities>
            <Misc />
            <StaticObjectCombos />
        </MapContents>
    </MapData>
</Level>
