<Level>
    <EditorSession>
        <Performance CamClipPlanes="0.05 1000" LightsActive="true" PSActive="true" ShowFog="true" ShowSkybox="true" WorldReflection="true" />
        <ViewportConfig BGColor="0.2 0.2 0.2 1" GAmbientLight="true" GPointLight="false" GridSnap="true" GridSnapSeparation="0.25" SelectedViewport="3" UsingEnlargedViewport="true">
            <Viewport CameraPosition="0 0 180" CameraTarget="0 0 0" CameraZoom="0" GridHeight="0" GridPlane="2" Preset="0" RenderMode="1" ShowAxes="true" ShowGrid="true" UsingLTCam="true" />
            <Viewport CameraPosition="180 0 0" CameraTarget="0 0 0" CameraZoom="0" GridHeight="0" GridPlane="0" Preset="1" RenderMode="1" ShowAxes="true" ShowGrid="true" UsingLTCam="true" />
            <Viewport CameraPosition="0 180 0" CameraTarget="0 0 0" CameraZoom="0" GridHeight="0" GridPlane="1" Preset="2" RenderMode="1" ShowAxes="true" ShowGrid="true" UsingLTCam="true" />
            <Viewport CameraPosition="38.6932 9.71188 -9.80438" CameraTarget="-10.1286 -5.22614e-006 -5.10203" CameraZoom="0" GridHeight="0" GridPlane="1" Preset="3" RenderMode="0" ShowAxes="false" ShowGrid="true" UsingLTCam="true" />
        </ViewportConfig>
        <Groups>
            <Group ID="0" Name="None" Visible="true" />
        </Groups>
    </EditorSession>
    <MapData FogActive="false" FogColor="1 1 1 1" FogCulling="true" FogEnd="20" FogFalloffExp="1" FogStart="0" GlobalDecalMaxTris="300" Name="" SkyBoxActive="false" SkyBoxColor="1 1 1 1" SkyBoxTexture="../../../../../../">
        <MapContents>
            <FileIndex_StaticObjects NumOfFiles="2">
                <File Id="0" Path="static_objects/mansionbase/stairs/welder.dae" />
                <File Id="1" Path="static_objects/mansionbase/wall/door_frame.dae" />
            </FileIndex_StaticObjects>
            <FileIndex_Entities NumOfFiles="1">
                <File Id="0" Path="entities/door/level_wood_double/level_wood_double.ent" />
            </FileIndex_Entities>
            <FileIndex_Decals NumOfFiles="0" />
            <StaticObjects>
                <StaticObject CastShadows="true" Collides="true" FileIndex="0" Group="0" ID="0" Name="stairs_welder_1" Rotation="0 0.314159 0" Scale="24 16 24" Tag="" WorldPos="0 0 0" />
                <StaticObject CastShadows="true" Collides="true" FileIndex="1" Group="0" ID="1" Name="wall_door_frame_1" Rotation="3.14159 -1.5708 3.14159" Scale="2 1 0.75" Tag="" WorldPos="7 0 0" />
                <StaticObject CastShadows="true" Collides="true" FileIndex="0" Group="0" ID="6" Name="stairs_welder_2" Rotation="0 -0 0" Scale="18 18 18" Tag="" WorldPos="0 0 0" />
                <StaticObject CastShadows="true" Collides="true" FileIndex="0" Group="0" ID="7" Name="stairs_welder_3" Rotation="0 -0 0" Scale="16 16 16" Tag="" WorldPos="0 6 0" />
                <StaticObject CastShadows="true" Collides="true" FileIndex="0" Group="0" ID="8" Name="stairs_welder_4" Rotation="0 -0 0" Scale="12 12 12" Tag="" WorldPos="0 14.25 0" />
                <StaticObject CastShadows="true" Collides="true" FileIndex="0" Group="0" ID="10" Name="stairs_welder_6" Rotation="0 0.314159 0" Scale="1 2 1" Tag="" WorldPos="1.5 24.25 4.75" />
                <StaticObject CastShadows="true" Collides="true" FileIndex="0" Group="0" ID="11" Name="stairs_welder_7" Rotation="0 0.314159 0" Scale="1 2 1" Tag="" WorldPos="-1.5 24.25 4.75" />
                <StaticObject CastShadows="true" Collides="true" FileIndex="0" Group="0" ID="12" Name="stairs_welder_8" Rotation="0 0.314159 0" Scale="1 2 1" Tag="" WorldPos="-1.5 24.25 -4.75" />
                <StaticObject CastShadows="true" Collides="true" FileIndex="0" Group="0" ID="13" Name="stairs_welder_9" Rotation="0 0.314159 0" Scale="1 2 1" Tag="" WorldPos="1.5 24.25 -4.75" />
                <StaticObject CastShadows="true" Collides="true" FileIndex="0" Group="0" ID="14" Name="stairs_welder_10" Rotation="0 0.314159 0" Scale="1 2 1" Tag="" WorldPos="4 24.25 -3" />
                <StaticObject CastShadows="true" Collides="true" FileIndex="0" Group="0" ID="15" Name="stairs_welder_11" Rotation="0 0.314159 0" Scale="1 2 1" Tag="" WorldPos="4 24.25 3" />
                <StaticObject CastShadows="true" Collides="true" FileIndex="0" Group="0" ID="16" Name="stairs_welder_12" Rotation="0 0.314159 0" Scale="1 2 1" Tag="" WorldPos="5 24.25 0" />
                <StaticObject CastShadows="true" Collides="true" FileIndex="0" Group="0" ID="17" Name="stairs_welder_13" Rotation="0 0.314159 0" Scale="1 2 1" Tag="" WorldPos="-4 24.25 3" />
                <StaticObject CastShadows="true" Collides="true" FileIndex="0" Group="0" ID="18" Name="stairs_welder_14" Rotation="0 0.314159 0" Scale="1 2 1" Tag="" WorldPos="-5 24.25 0" />
                <StaticObject CastShadows="true" Collides="true" FileIndex="0" Group="0" ID="19" Name="stairs_welder_15" Rotation="0 0.314159 0" Scale="1 2 1" Tag="" WorldPos="-4 24.25 -3" />
            </StaticObjects>
            <Primitives />
            <Decals />
            <Entities>
                <Entity Active="true" FileIndex="0" Group="0" ID="5" Name="level_wood_double_1" Rotation="0 1.5708 0" Scale="1 1 1" Tag="" WorldPos="7 0.1 0">
                    <UserVariables>
                        <Var Name="CastShadows" Value="true" />
                        <Var Name="StaticPhysics" Value="false" />
                        <Var Name="IsAffectedByDecal" Value="false" />
                        <Var Name="CallbackFunc" Value="" />
                        <Var Name="ConnectedProps" Value="" />
                        <Var Name="ConnectionStateChangeCallback" Value="" />
                        <Var Name="FullGameSave" Value="false" />
                        <Var Name="PlayerLookAtCallback" Value="" />
                        <Var Name="PlayerLookAtCallbackAutoRemove" Value="false" />
                        <Var Name="PlayerInteractCallback" Value="" />
                        <Var Name="PlayerInteractCallbackAutoRemove" Value="false" />
                        <Var Name="TextEntry" Value="" />
                        <Var Name="StartPos" Value="" />
                        <Var Name="MapFile" Value="" />
                        <Var Name="Locked" Value="false" />
                        <Var Name="LockedSound" Value="" />
                        <Var Name="LockedTextCat" Value="" />
                        <Var Name="LockedTextEntry" Value="" />
                        <Var Name="ShowStats" Value="true" />
                    </UserVariables>
                </Entity>
            </Entities>
            <Misc>
                <Compound Active="true" Group="0" ID="20" Name="some_building_stuff" Rotation="0 0 0" Scale="1 2 1" Tag="" WorldPos="0 24.25 0">
                    <Component ID="16" />
                    <Component ID="15" />
                    <Component ID="10" />
                    <Component ID="11" />
                    <Component ID="17" />
                    <Component ID="14" />
                    <Component ID="13" />
                    <Component ID="12" />
                    <Component ID="19" />
                    <Component ID="18" />
                </Compound>
                <Compound Active="true" Group="0" ID="21" Name="building" Rotation="0 0 0" Scale="1 1 1" Tag="" WorldPos="0 7.125 0">
                    <Component ID="0" />
                    <Component ID="6" />
                    <Component ID="7" />
                    <Component ID="8" />
                </Compound>
            </Misc>
            <StaticObjectCombos />
        </MapContents>
    </MapData>
</Level>
